Component: ARM Compiler 5.06 update 7 (build 960) Tool: armlink [4d3601]

==============================================================================

Section Cross References

    ili9320.o(i.LCD_DB_AS_InPut) refers to stm32f10x_gpio.o(i.GPIO_Init) for GPIO_Init
    ili9320.o(i.LCD_DB_AS_OutPut) refers to stm32f10x_gpio.o(i.GPIO_Init) for GPIO_Init
    ili9320.o(i.LCD_DrawChar24_48) refers to ili9320.o(i.ili9320_SetCursor) for ili9320_SetCursor
    ili9320.o(i.LCD_DrawChar24_48) refers to ili9320.o(i.LCD_WriteRAM_Prepare) for LCD_WriteRAM_Prepare
    ili9320.o(i.LCD_DrawChar24_48) refers to ili9320.o(i.LCD_WriteRAM) for LCD_WriteRAM
    ili9320.o(i.LCD_DrawChar24_48) refers to stm32f10x_gpio.o(i.GPIO_SetBits) for GPIO_SetBits
    ili9320.o(i.LCD_DrawChar24_48) refers to ili9320.o(.data) for .data
    ili9320.o(i.LCD_DrawChar48_48) refers to ili9320.o(i.ili9320_SetCursor) for ili9320_SetCursor
    ili9320.o(i.LCD_DrawChar48_48) refers to ili9320.o(i.LCD_WriteRAM_Prepare) for LCD_WriteRAM_Prepare
    ili9320.o(i.LCD_DrawChar48_48) refers to ili9320.o(i.LCD_WriteRAM) for LCD_WriteRAM
    ili9320.o(i.LCD_DrawChar48_48) refers to stm32f10x_gpio.o(i.GPIO_SetBits) for GPIO_SetBits
    ili9320.o(i.LCD_DrawChar48_48) refers to ili9320.o(.data) for .data
    ili9320.o(i.LCD_Init) refers to ili9320.o(i.LCD_Pins_Config) for LCD_Pins_Config
    ili9320.o(i.LCD_Pins_Config) refers to stm32f10x_rcc.o(i.RCC_APB2PeriphClockCmd) for RCC_APB2PeriphClockCmd
    ili9320.o(i.LCD_Pins_Config) refers to stm32f10x_gpio.o(i.GPIO_Init) for GPIO_Init
    ili9320.o(i.LCD_Pins_Config) refers to stm32f10x_gpio.o(i.GPIO_SetBits) for GPIO_SetBits
    ili9320.o(i.LCD_ReadRAM) refers to ili9320.o(i.LCD_WriteRAM_Prepare) for LCD_WriteRAM_Prepare
    ili9320.o(i.LCD_ReadRAM) refers to ili9320.o(i.LCD_DB_AS_InPut) for LCD_DB_AS_InPut
    ili9320.o(i.LCD_ReadRAM) refers to ili9320.o(i.LCD_ReadSta) for LCD_ReadSta
    ili9320.o(i.LCD_ReadRAM) refers to ili9320.o(i.LCD_DB_AS_OutPut) for LCD_DB_AS_OutPut
    ili9320.o(i.LCD_ReadReg) refers to stm32f10x_gpio.o(i.GPIO_ResetBits) for GPIO_ResetBits
    ili9320.o(i.LCD_ReadReg) refers to stm32f10x_gpio.o(i.GPIO_Write) for GPIO_Write
    ili9320.o(i.LCD_ReadReg) refers to stm32f10x_gpio.o(i.GPIO_SetBits) for GPIO_SetBits
    ili9320.o(i.LCD_ReadReg) refers to stm32f10x_gpio.o(i.GPIO_ReadInputData) for GPIO_ReadInputData
    ili9320.o(i.LCD_ReadSta) refers to stm32f10x_gpio.o(i.GPIO_SetBits) for GPIO_SetBits
    ili9320.o(i.LCD_ReadSta) refers to stm32f10x_gpio.o(i.GPIO_ResetBits) for GPIO_ResetBits
    ili9320.o(i.LCD_ReadSta) refers to stm32f10x_gpio.o(i.GPIO_ReadInputData) for GPIO_ReadInputData
    ili9320.o(i.LCD_WriteCommand) refers to stm32f10x_gpio.o(i.GPIO_ResetBits) for GPIO_ResetBits
    ili9320.o(i.LCD_WriteCommand) refers to stm32f10x_gpio.o(i.GPIO_Write) for GPIO_Write
    ili9320.o(i.LCD_WriteCommand) refers to stm32f10x_gpio.o(i.GPIO_SetBits) for GPIO_SetBits
    ili9320.o(i.LCD_WriteRAM) refers to stm32f10x_gpio.o(i.GPIO_ResetBits) for GPIO_ResetBits
    ili9320.o(i.LCD_WriteRAM) refers to stm32f10x_gpio.o(i.GPIO_SetBits) for GPIO_SetBits
    ili9320.o(i.LCD_WriteRAM) refers to stm32f10x_gpio.o(i.GPIO_Write) for GPIO_Write
    ili9320.o(i.LCD_WriteRAM_Prepare) refers to stm32f10x_gpio.o(i.GPIO_ResetBits) for GPIO_ResetBits
    ili9320.o(i.LCD_WriteRAM_Prepare) refers to stm32f10x_gpio.o(i.GPIO_Write) for GPIO_Write
    ili9320.o(i.LCD_WriteRAM_Prepare) refers to stm32f10x_gpio.o(i.GPIO_SetBits) for GPIO_SetBits
    ili9320.o(i.LCD_WriteReg) refers to stm32f10x_gpio.o(i.GPIO_SetBits) for GPIO_SetBits
    ili9320.o(i.LCD_WriteReg) refers to stm32f10x_gpio.o(i.GPIO_ResetBits) for GPIO_ResetBits
    ili9320.o(i.LCD_WriteReg) refers to stm32f10x_gpio.o(i.GPIO_Write) for GPIO_Write
    ili9320.o(i.display) refers to ili9320.o(i.displayshuzi) for displayshuzi
    ili9320.o(i.displayshuzi) refers to ili9320.o(i.LCD_DrawChar24_48) for LCD_DrawChar24_48
    ili9320.o(i.displayshuzi) refers to ili9320.o(.data) for .data
    ili9320.o(i.ili9320_BackLight) refers to stm32f10x_gpio.o(i.GPIO_SetBits) for GPIO_SetBits
    ili9320.o(i.ili9320_BackLight) refers to stm32f10x_gpio.o(i.GPIO_ResetBits) for GPIO_ResetBits
    ili9320.o(i.ili9320_Clear) refers to ili9320.o(i.ili9320_SetCursor) for ili9320_SetCursor
    ili9320.o(i.ili9320_Clear) refers to ili9320.o(i.LCD_WriteRAM_Prepare) for LCD_WriteRAM_Prepare
    ili9320.o(i.ili9320_Clear) refers to stm32f10x_gpio.o(i.GPIO_ResetBits) for GPIO_ResetBits
    ili9320.o(i.ili9320_Clear) refers to stm32f10x_gpio.o(i.GPIO_SetBits) for GPIO_SetBits
    ili9320.o(i.ili9320_Clear) refers to stm32f10x_gpio.o(i.GPIO_Write) for GPIO_Write
    ili9320.o(i.ili9320_Delay) refers to ili9320.o(i.Delay) for Delay
    ili9320.o(i.ili9320_DrawPicture) refers to printf8.o(i.__0printf$8) for __2printf
    ili9320.o(i.ili9320_DrawPicture) refers to ili9320.o(i.ili9320_SetPoint) for ili9320_SetPoint
    ili9320.o(i.ili9320_GetPoint) refers to ili9320.o(i.ili9320_SetCursor) for ili9320_SetCursor
    ili9320.o(i.ili9320_GetPoint) refers to ili9320.o(i.LCD_ReadRAM) for LCD_ReadRAM
    ili9320.o(i.ili9320_GetPoint) refers to ili9320.o(i.ili9320_BGR2RGB) for ili9320_BGR2RGB
    ili9320.o(i.ili9320_Initializtion) refers to ili9320.o(i.LCD_Pins_Config) for LCD_Pins_Config
    ili9320.o(i.ili9320_Initializtion) refers to ili9320.o(i.Delay) for Delay
    ili9320.o(i.ili9320_Initializtion) refers to ili9320.o(i.LCD_WriteReg) for LCD_WriteReg
    ili9320.o(i.ili9320_Initializtion) refers to ili9320.o(i.LCD_DB_AS_InPut) for LCD_DB_AS_InPut
    ili9320.o(i.ili9320_Initializtion) refers to ili9320.o(i.LCD_ReadReg) for LCD_ReadReg
    ili9320.o(i.ili9320_Initializtion) refers to printf8.o(i.__0printf$8) for __2printf
    ili9320.o(i.ili9320_Initializtion) refers to ili9320.o(i.LCD_ReadSta) for LCD_ReadSta
    ili9320.o(i.ili9320_Initializtion) refers to ili9320.o(i.LCD_DB_AS_OutPut) for LCD_DB_AS_OutPut
    ili9320.o(i.ili9320_Initializtion) refers to ili9320.o(.data) for .data
    ili9320.o(i.ili9320_Initializtion) refers to ili9320.o(i.ili9320_Clear) for ili9320_Clear
    ili9320.o(i.ili9320_PutChar) refers to ili9320.o(i.ili9320_SetPoint) for ili9320_SetPoint
    ili9320.o(i.ili9320_PutChar) refers to ili9320.o(.constdata) for .constdata
    ili9320.o(i.ili9320_PutChar_16x24) refers to ili9320.o(i.ili9320_SetPoint) for ili9320_SetPoint
    ili9320.o(i.ili9320_PutChar_16x24) refers to ili9320.o(.constdata) for .constdata
    ili9320.o(i.ili9320_SetCursor) refers to ili9320.o(i.LCD_WriteReg) for LCD_WriteReg
    ili9320.o(i.ili9320_SetCursor) refers to ili9320.o(.data) for .data
    ili9320.o(i.ili9320_SetPoint) refers to ili9320.o(i.ili9320_SetCursor) for ili9320_SetCursor
    ili9320.o(i.ili9320_SetPoint) refers to ili9320.o(i.LCD_WriteRAM_Prepare) for LCD_WriteRAM_Prepare
    ili9320.o(i.ili9320_SetPoint) refers to ili9320.o(i.LCD_WriteRAM) for LCD_WriteRAM
    ili9320.o(i.ili9320_SetWindows) refers to ili9320.o(i.ili9320_SetCursor) for ili9320_SetCursor
    ili9320.o(i.ili9320_SetWindows) refers to ili9320.o(i.LCD_WriteReg) for LCD_WriteReg
    ili9320.o(i.jiemian) refers to ili9320.o(i.LCD_DrawChar48_48) for LCD_DrawChar48_48
    ili9320.o(i.jiemian) refers to ili9320.o(i.LCD_DrawChar24_48) for LCD_DrawChar24_48
    ili9320.o(i.jiemian) refers to ili9320.o(.data) for .data
    main.o(i.DHT11_Init) refers to stm32f10x_rcc.o(i.RCC_APB2PeriphClockCmd) for RCC_APB2PeriphClockCmd
    main.o(i.DHT11_Init) refers to stm32f10x_gpio.o(i.GPIO_Init) for GPIO_Init
    main.o(i.DHT11_Init) refers to stm32f10x_gpio.o(i.GPIO_SetBits) for GPIO_SetBits
    main.o(i.DHT11_Init) refers to printf8.o(i.__0printf$8) for __2printf
    main.o(i.NVIC_GroupConfig) refers to misc.o(i.NVIC_PriorityGroupConfig) for NVIC_PriorityGroupConfig
    main.o(i.Read_Sensor) refers to am23xx.o(i.Read_DHT11) for Read_DHT11
    main.o(i.Read_Sensor) refers to printf8.o(i.__0printf$8) for __2printf
    main.o(i.Read_Sensor) refers to ili9320.o(i.display) for display
    main.o(i.Read_Sensor) refers to main.o(.bss) for .bss
    main.o(i.Read_Sensor) refers to main.o(.conststring) for .conststring
    main.o(i.STM32_Shenzhou_COMInit) refers to stm32f10x_rcc.o(i.RCC_APB2PeriphClockCmd) for RCC_APB2PeriphClockCmd
    main.o(i.STM32_Shenzhou_COMInit) refers to stm32f10x_gpio.o(i.GPIO_Init) for GPIO_Init
    main.o(i.STM32_Shenzhou_COMInit) refers to stm32f10x_usart.o(i.USART_Init) for USART_Init
    main.o(i.STM32_Shenzhou_COMInit) refers to stm32f10x_usart.o(i.USART_Cmd) for USART_Cmd
    main.o(i.SZ_STM32_SysTickInit) refers to system_stm32f10x.o(.data) for SystemCoreClock
    main.o(i.SysTickDelay) refers to main.o(.data) for .data
    main.o(i.SysTick_Handler) refers to main.o(i.TimingDelay_Decrement) for TimingDelay_Decrement
    main.o(i.TimingDelay_Decrement) refers to main.o(.data) for .data
    main.o(i.fputc) refers to stm32f10x_usart.o(i.USART_SendData) for USART_SendData
    main.o(i.fputc) refers to stm32f10x_usart.o(i.USART_GetFlagStatus) for USART_GetFlagStatus
    main.o(i.main) refers to main.o(i.STM32_Shenzhou_COMInit) for STM32_Shenzhou_COMInit
    main.o(i.main) refers to main.o(i.SZ_STM32_SysTickInit) for SZ_STM32_SysTickInit
    main.o(i.main) refers to ili9320.o(i.ili9320_Initializtion) for ili9320_Initializtion
    main.o(i.main) refers to printf8.o(i.__0printf$8) for __2printf
    main.o(i.main) refers to ili9320.o(i.jiemian) for jiemian
    main.o(i.main) refers to am23xx.o(i.DHT11_GPIO_Config) for DHT11_GPIO_Config
    main.o(i.main) refers to main.o(i.Read_Sensor) for Read_Sensor
    am23xx.o(i.DHT11_GPIO_Config) refers to stm32f10x_rcc.o(i.RCC_APB2PeriphClockCmd) for RCC_APB2PeriphClockCmd
    am23xx.o(i.DHT11_GPIO_Config) refers to stm32f10x_gpio.o(i.GPIO_Init) for GPIO_Init
    am23xx.o(i.DHT11_GPIO_Config) refers to stm32f10x_gpio.o(i.GPIO_SetBits) for GPIO_SetBits
    am23xx.o(i.DHT11_GPIO_Config) refers to printf8.o(i.__0printf$8) for __2printf
    am23xx.o(i.DHT11_Mode_Out_PP) refers to stm32f10x_gpio.o(i.GPIO_Init) for GPIO_Init
    am23xx.o(i.Read_Byte) refers to stm32f10x_gpio.o(i.GPIO_ReadInputDataBit) for GPIO_ReadInputDataBit
    am23xx.o(i.Read_Byte) refers to main.o(i.SysTickDelay) for SysTickDelay
    am23xx.o(i.Read_DHT11) refers to am23xx.o(i.DHT11_Mode_Out_PP) for DHT11_Mode_Out_PP
    am23xx.o(i.Read_DHT11) refers to stm32f10x_gpio.o(i.GPIO_SetBits) for GPIO_SetBits
    am23xx.o(i.Read_DHT11) refers to main.o(i.SysTickDelay) for SysTickDelay
    am23xx.o(i.Read_DHT11) refers to stm32f10x_gpio.o(i.GPIO_ResetBits) for GPIO_ResetBits
    am23xx.o(i.Read_DHT11) refers to stm32f10x_gpio.o(i.GPIO_Init) for GPIO_Init
    am23xx.o(i.Read_DHT11) refers to stm32f10x_gpio.o(i.GPIO_ReadInputDataBit) for GPIO_ReadInputDataBit
    am23xx.o(i.Read_DHT11) refers to am23xx.o(i.Read_Byte) for Read_Byte
    am23xx.o(i.Read_DHT11) refers to am23xx.o(i.delay) for delay
    am23xx.o(i.Read_DHT11) refers to am23xx.o(.data) for .data
    system_stm32f10x.o(i.SystemCoreClockUpdate) refers to system_stm32f10x.o(.data) for .data
    system_stm32f10x.o(i.SystemInit) refers to system_stm32f10x.o(i.SetSysClockTo72) for SetSysClockTo72
    stm32f10x_gpio.o(i.GPIO_AFIODeInit) refers to stm32f10x_rcc.o(i.RCC_APB2PeriphResetCmd) for RCC_APB2PeriphResetCmd
    stm32f10x_gpio.o(i.GPIO_DeInit) refers to stm32f10x_rcc.o(i.RCC_APB2PeriphResetCmd) for RCC_APB2PeriphResetCmd
    stm32f10x_rcc.o(i.RCC_GetClocksFreq) refers to stm32f10x_rcc.o(.data) for .data
    stm32f10x_rcc.o(i.RCC_WaitForHSEStartUp) refers to stm32f10x_rcc.o(i.RCC_GetFlagStatus) for RCC_GetFlagStatus
    stm32f10x_tim.o(i.TIM_DeInit) refers to stm32f10x_rcc.o(i.RCC_APB1PeriphResetCmd) for RCC_APB1PeriphResetCmd
    stm32f10x_tim.o(i.TIM_DeInit) refers to stm32f10x_rcc.o(i.RCC_APB2PeriphResetCmd) for RCC_APB2PeriphResetCmd
    stm32f10x_tim.o(i.TIM_ETRClockMode1Config) refers to stm32f10x_tim.o(i.TIM_ETRConfig) for TIM_ETRConfig
    stm32f10x_tim.o(i.TIM_ETRClockMode2Config) refers to stm32f10x_tim.o(i.TIM_ETRConfig) for TIM_ETRConfig
    stm32f10x_tim.o(i.TIM_ICInit) refers to stm32f10x_tim.o(i.TI1_Config) for TI1_Config
    stm32f10x_tim.o(i.TIM_ICInit) refers to stm32f10x_tim.o(i.TIM_SetIC1Prescaler) for TIM_SetIC1Prescaler
    stm32f10x_tim.o(i.TIM_ICInit) refers to stm32f10x_tim.o(i.TI2_Config) for TI2_Config
    stm32f10x_tim.o(i.TIM_ICInit) refers to stm32f10x_tim.o(i.TIM_SetIC2Prescaler) for TIM_SetIC2Prescaler
    stm32f10x_tim.o(i.TIM_ICInit) refers to stm32f10x_tim.o(i.TIM_SetIC3Prescaler) for TIM_SetIC3Prescaler
    stm32f10x_tim.o(i.TIM_ICInit) refers to stm32f10x_tim.o(i.TIM_SetIC4Prescaler) for TIM_SetIC4Prescaler
    stm32f10x_tim.o(i.TIM_ITRxExternalClockConfig) refers to stm32f10x_tim.o(i.TIM_SelectInputTrigger) for TIM_SelectInputTrigger
    stm32f10x_tim.o(i.TIM_PWMIConfig) refers to stm32f10x_tim.o(i.TI2_Config) for TI2_Config
    stm32f10x_tim.o(i.TIM_PWMIConfig) refers to stm32f10x_tim.o(i.TIM_SetIC2Prescaler) for TIM_SetIC2Prescaler
    stm32f10x_tim.o(i.TIM_PWMIConfig) refers to stm32f10x_tim.o(i.TI1_Config) for TI1_Config
    stm32f10x_tim.o(i.TIM_PWMIConfig) refers to stm32f10x_tim.o(i.TIM_SetIC1Prescaler) for TIM_SetIC1Prescaler
    stm32f10x_tim.o(i.TIM_TIxExternalClockConfig) refers to stm32f10x_tim.o(i.TI1_Config) for TI1_Config
    stm32f10x_tim.o(i.TIM_TIxExternalClockConfig) refers to stm32f10x_tim.o(i.TIM_SelectInputTrigger) for TIM_SelectInputTrigger
    stm32f10x_tim.o(i.TIM_TIxExternalClockConfig) refers to stm32f10x_tim.o(i.TI2_Config) for TI2_Config
    stm32f10x_usart.o(i.USART_DeInit) refers to stm32f10x_rcc.o(i.RCC_APB2PeriphResetCmd) for RCC_APB2PeriphResetCmd
    stm32f10x_usart.o(i.USART_DeInit) refers to stm32f10x_rcc.o(i.RCC_APB1PeriphResetCmd) for RCC_APB1PeriphResetCmd
    stm32f10x_usart.o(i.USART_Init) refers to stm32f10x_rcc.o(i.RCC_GetClocksFreq) for RCC_GetClocksFreq
    startup_stm32f10x_md.o(RESET) refers to startup_stm32f10x_md.o(STACK) for __initial_sp
    startup_stm32f10x_md.o(RESET) refers to startup_stm32f10x_md.o(.text) for Reset_Handler
    startup_stm32f10x_md.o(RESET) refers to stm32f10x_it.o(i.NMI_Handler) for NMI_Handler
    startup_stm32f10x_md.o(RESET) refers to stm32f10x_it.o(i.HardFault_Handler) for HardFault_Handler
    startup_stm32f10x_md.o(RESET) refers to stm32f10x_it.o(i.MemManage_Handler) for MemManage_Handler
    startup_stm32f10x_md.o(RESET) refers to stm32f10x_it.o(i.BusFault_Handler) for BusFault_Handler
    startup_stm32f10x_md.o(RESET) refers to stm32f10x_it.o(i.UsageFault_Handler) for UsageFault_Handler
    startup_stm32f10x_md.o(RESET) refers to stm32f10x_it.o(i.SVC_Handler) for SVC_Handler
    startup_stm32f10x_md.o(RESET) refers to stm32f10x_it.o(i.DebugMon_Handler) for DebugMon_Handler
    startup_stm32f10x_md.o(RESET) refers to stm32f10x_it.o(i.PendSV_Handler) for PendSV_Handler
    startup_stm32f10x_md.o(RESET) refers to main.o(i.SysTick_Handler) for SysTick_Handler
    startup_stm32f10x_md.o(.text) refers to system_stm32f10x.o(i.SystemInit) for SystemInit
    startup_stm32f10x_md.o(.text) refers to entry.o(.ARM.Collect$$$$00000000) for __main
    entry.o(.ARM.Collect$$$$00000000) refers (Special) to entry10a.o(.ARM.Collect$$$$0000000F) for __rt_final_cpp
    entry.o(.ARM.Collect$$$$00000000) refers (Special) to entry11a.o(.ARM.Collect$$$$00000011) for __rt_final_exit
    entry.o(.ARM.Collect$$$$00000000) refers (Special) to entry12b.o(.ARM.Collect$$$$0000000E) for __rt_lib_shutdown_fini
    entry.o(.ARM.Collect$$$$00000000) refers (Special) to entry7b.o(.ARM.Collect$$$$00000008) for _main_clock
    entry.o(.ARM.Collect$$$$00000000) refers (Special) to entry8b.o(.ARM.Collect$$$$0000000A) for _main_cpp_init
    entry.o(.ARM.Collect$$$$00000000) refers (Special) to entry9a.o(.ARM.Collect$$$$0000000B) for _main_init
    entry.o(.ARM.Collect$$$$00000000) refers (Special) to entry5.o(.ARM.Collect$$$$00000004) for _main_scatterload
    entry.o(.ARM.Collect$$$$00000000) refers (Special) to entry2.o(.ARM.Collect$$$$00000001) for _main_stk
    printfb.o(i.__0fprintf$bare) refers to printfb.o(i._printf_core) for _printf_core
    printfb.o(i.__0fprintf$bare) refers to main.o(i.fputc) for fputc
    printfb.o(i.__0printf$bare) refers to printfb.o(i._printf_core) for _printf_core
    printfb.o(i.__0printf$bare) refers to main.o(i.fputc) for fputc
    printfb.o(i.__0printf$bare) refers to stdout.o(.data) for __stdout
    printfb.o(i.__0snprintf$bare) refers to printfb.o(i._printf_core) for _printf_core
    printfb.o(i.__0snprintf$bare) refers to printfb.o(i._snputc) for _snputc
    printfb.o(i.__0sprintf$bare) refers to printfb.o(i._printf_core) for _printf_core
    printfb.o(i.__0sprintf$bare) refers to printfb.o(i._sputc) for _sputc
    printfb.o(i.__0vfprintf$bare) refers to printfb.o(i._printf_core) for _printf_core
    printfb.o(i.__0vfprintf$bare) refers to main.o(i.fputc) for fputc
    printfb.o(i.__0vprintf$bare) refers to printfb.o(i._printf_core) for _printf_core
    printfb.o(i.__0vprintf$bare) refers to main.o(i.fputc) for fputc
    printfb.o(i.__0vprintf$bare) refers to stdout.o(.data) for __stdout
    printfb.o(i.__0vsnprintf$bare) refers to printfb.o(i._printf_core) for _printf_core
    printfb.o(i.__0vsnprintf$bare) refers to printfb.o(i._snputc) for _snputc
    printfb.o(i.__0vsprintf$bare) refers to printfb.o(i._printf_core) for _printf_core
    printfb.o(i.__0vsprintf$bare) refers to printfb.o(i._sputc) for _sputc
    printf0.o(i.__0fprintf$0) refers to printf0.o(i._printf_core) for _printf_core
    printf0.o(i.__0fprintf$0) refers to main.o(i.fputc) for fputc
    printf0.o(i.__0printf$0) refers to printf0.o(i._printf_core) for _printf_core
    printf0.o(i.__0printf$0) refers to main.o(i.fputc) for fputc
    printf0.o(i.__0printf$0) refers to stdout.o(.data) for __stdout
    printf0.o(i.__0snprintf$0) refers to printf0.o(i._printf_core) for _printf_core
    printf0.o(i.__0snprintf$0) refers to printf0.o(i._snputc) for _snputc
    printf0.o(i.__0sprintf$0) refers to printf0.o(i._printf_core) for _printf_core
    printf0.o(i.__0sprintf$0) refers to printf0.o(i._sputc) for _sputc
    printf0.o(i.__0vfprintf$0) refers to printf0.o(i._printf_core) for _printf_core
    printf0.o(i.__0vfprintf$0) refers to main.o(i.fputc) for fputc
    printf0.o(i.__0vprintf$0) refers to printf0.o(i._printf_core) for _printf_core
    printf0.o(i.__0vprintf$0) refers to main.o(i.fputc) for fputc
    printf0.o(i.__0vprintf$0) refers to stdout.o(.data) for __stdout
    printf0.o(i.__0vsnprintf$0) refers to printf0.o(i._printf_core) for _printf_core
    printf0.o(i.__0vsnprintf$0) refers to printf0.o(i._snputc) for _snputc
    printf0.o(i.__0vsprintf$0) refers to printf0.o(i._printf_core) for _printf_core
    printf0.o(i.__0vsprintf$0) refers to printf0.o(i._sputc) for _sputc
    printf1.o(i.__0fprintf$1) refers to printf1.o(i._printf_core) for _printf_core
    printf1.o(i.__0fprintf$1) refers to main.o(i.fputc) for fputc
    printf1.o(i.__0printf$1) refers to printf1.o(i._printf_core) for _printf_core
    printf1.o(i.__0printf$1) refers to main.o(i.fputc) for fputc
    printf1.o(i.__0printf$1) refers to stdout.o(.data) for __stdout
    printf1.o(i.__0snprintf$1) refers to printf1.o(i._printf_core) for _printf_core
    printf1.o(i.__0snprintf$1) refers to printf1.o(i._snputc) for _snputc
    printf1.o(i.__0sprintf$1) refers to printf1.o(i._printf_core) for _printf_core
    printf1.o(i.__0sprintf$1) refers to printf1.o(i._sputc) for _sputc
    printf1.o(i.__0vfprintf$1) refers to printf1.o(i._printf_core) for _printf_core
    printf1.o(i.__0vfprintf$1) refers to main.o(i.fputc) for fputc
    printf1.o(i.__0vprintf$1) refers to printf1.o(i._printf_core) for _printf_core
    printf1.o(i.__0vprintf$1) refers to main.o(i.fputc) for fputc
    printf1.o(i.__0vprintf$1) refers to stdout.o(.data) for __stdout
    printf1.o(i.__0vsnprintf$1) refers to printf1.o(i._printf_core) for _printf_core
    printf1.o(i.__0vsnprintf$1) refers to printf1.o(i._snputc) for _snputc
    printf1.o(i.__0vsprintf$1) refers to printf1.o(i._printf_core) for _printf_core
    printf1.o(i.__0vsprintf$1) refers to printf1.o(i._sputc) for _sputc
    printf1.o(i._printf_core) refers to uidiv.o(.text) for __aeabi_uidivmod
    printf2.o(i.__0fprintf$2) refers to printf2.o(i._printf_core) for _printf_core
    printf2.o(i.__0fprintf$2) refers to main.o(i.fputc) for fputc
    printf2.o(i.__0printf$2) refers to printf2.o(i._printf_core) for _printf_core
    printf2.o(i.__0printf$2) refers to main.o(i.fputc) for fputc
    printf2.o(i.__0printf$2) refers to stdout.o(.data) for __stdout
    printf2.o(i.__0snprintf$2) refers to printf2.o(i._printf_core) for _printf_core
    printf2.o(i.__0snprintf$2) refers to printf2.o(i._snputc) for _snputc
    printf2.o(i.__0sprintf$2) refers to printf2.o(i._printf_core) for _printf_core
    printf2.o(i.__0sprintf$2) refers to printf2.o(i._sputc) for _sputc
    printf2.o(i.__0vfprintf$2) refers to printf2.o(i._printf_core) for _printf_core
    printf2.o(i.__0vfprintf$2) refers to main.o(i.fputc) for fputc
    printf2.o(i.__0vprintf$2) refers to printf2.o(i._printf_core) for _printf_core
    printf2.o(i.__0vprintf$2) refers to main.o(i.fputc) for fputc
    printf2.o(i.__0vprintf$2) refers to stdout.o(.data) for __stdout
    printf2.o(i.__0vsnprintf$2) refers to printf2.o(i._printf_core) for _printf_core
    printf2.o(i.__0vsnprintf$2) refers to printf2.o(i._snputc) for _snputc
    printf2.o(i.__0vsprintf$2) refers to printf2.o(i._printf_core) for _printf_core
    printf2.o(i.__0vsprintf$2) refers to printf2.o(i._sputc) for _sputc
    printf3.o(i.__0fprintf$3) refers to printf3.o(i._printf_core) for _printf_core
    printf3.o(i.__0fprintf$3) refers to main.o(i.fputc) for fputc
    printf3.o(i.__0printf$3) refers to printf3.o(i._printf_core) for _printf_core
    printf3.o(i.__0printf$3) refers to main.o(i.fputc) for fputc
    printf3.o(i.__0printf$3) refers to stdout.o(.data) for __stdout
    printf3.o(i.__0snprintf$3) refers to printf3.o(i._printf_core) for _printf_core
    printf3.o(i.__0snprintf$3) refers to printf3.o(i._snputc) for _snputc
    printf3.o(i.__0sprintf$3) refers to printf3.o(i._printf_core) for _printf_core
    printf3.o(i.__0sprintf$3) refers to printf3.o(i._sputc) for _sputc
    printf3.o(i.__0vfprintf$3) refers to printf3.o(i._printf_core) for _printf_core
    printf3.o(i.__0vfprintf$3) refers to main.o(i.fputc) for fputc
    printf3.o(i.__0vprintf$3) refers to printf3.o(i._printf_core) for _printf_core
    printf3.o(i.__0vprintf$3) refers to main.o(i.fputc) for fputc
    printf3.o(i.__0vprintf$3) refers to stdout.o(.data) for __stdout
    printf3.o(i.__0vsnprintf$3) refers to printf3.o(i._printf_core) for _printf_core
    printf3.o(i.__0vsnprintf$3) refers to printf3.o(i._snputc) for _snputc
    printf3.o(i.__0vsprintf$3) refers to printf3.o(i._printf_core) for _printf_core
    printf3.o(i.__0vsprintf$3) refers to printf3.o(i._sputc) for _sputc
    printf3.o(i._printf_core) refers to uidiv.o(.text) for __aeabi_uidivmod
    printf4.o(i.__0fprintf$4) refers to printf4.o(i._printf_core) for _printf_core
    printf4.o(i.__0fprintf$4) refers to main.o(i.fputc) for fputc
    printf4.o(i.__0printf$4) refers to printf4.o(i._printf_core) for _printf_core
    printf4.o(i.__0printf$4) refers to main.o(i.fputc) for fputc
    printf4.o(i.__0printf$4) refers to stdout.o(.data) for __stdout
    printf4.o(i.__0snprintf$4) refers to printf4.o(i._printf_core) for _printf_core
    printf4.o(i.__0snprintf$4) refers to printf4.o(i._snputc) for _snputc
    printf4.o(i.__0sprintf$4) refers to printf4.o(i._printf_core) for _printf_core
    printf4.o(i.__0sprintf$4) refers to printf4.o(i._sputc) for _sputc
    printf4.o(i.__0vfprintf$4) refers to printf4.o(i._printf_core) for _printf_core
    printf4.o(i.__0vfprintf$4) refers to main.o(i.fputc) for fputc
    printf4.o(i.__0vprintf$4) refers to printf4.o(i._printf_core) for _printf_core
    printf4.o(i.__0vprintf$4) refers to main.o(i.fputc) for fputc
    printf4.o(i.__0vprintf$4) refers to stdout.o(.data) for __stdout
    printf4.o(i.__0vsnprintf$4) refers to printf4.o(i._printf_core) for _printf_core
    printf4.o(i.__0vsnprintf$4) refers to printf4.o(i._snputc) for _snputc
    printf4.o(i.__0vsprintf$4) refers to printf4.o(i._printf_core) for _printf_core
    printf4.o(i.__0vsprintf$4) refers to printf4.o(i._sputc) for _sputc
    printf4.o(i._printf_core) refers to uldiv.o(.text) for __aeabi_uldivmod
    printf5.o(i.__0fprintf$5) refers to printf5.o(i._printf_core) for _printf_core
    printf5.o(i.__0fprintf$5) refers to main.o(i.fputc) for fputc
    printf5.o(i.__0printf$5) refers to printf5.o(i._printf_core) for _printf_core
    printf5.o(i.__0printf$5) refers to main.o(i.fputc) for fputc
    printf5.o(i.__0printf$5) refers to stdout.o(.data) for __stdout
    printf5.o(i.__0snprintf$5) refers to printf5.o(i._printf_core) for _printf_core
    printf5.o(i.__0snprintf$5) refers to printf5.o(i._snputc) for _snputc
    printf5.o(i.__0sprintf$5) refers to printf5.o(i._printf_core) for _printf_core
    printf5.o(i.__0sprintf$5) refers to printf5.o(i._sputc) for _sputc
    printf5.o(i.__0vfprintf$5) refers to printf5.o(i._printf_core) for _printf_core
    printf5.o(i.__0vfprintf$5) refers to main.o(i.fputc) for fputc
    printf5.o(i.__0vprintf$5) refers to printf5.o(i._printf_core) for _printf_core
    printf5.o(i.__0vprintf$5) refers to main.o(i.fputc) for fputc
    printf5.o(i.__0vprintf$5) refers to stdout.o(.data) for __stdout
    printf5.o(i.__0vsnprintf$5) refers to printf5.o(i._printf_core) for _printf_core
    printf5.o(i.__0vsnprintf$5) refers to printf5.o(i._snputc) for _snputc
    printf5.o(i.__0vsprintf$5) refers to printf5.o(i._printf_core) for _printf_core
    printf5.o(i.__0vsprintf$5) refers to printf5.o(i._sputc) for _sputc
    printf5.o(i._printf_core) refers to uldiv.o(.text) for __aeabi_uldivmod
    printf6.o(i.__0fprintf$6) refers to printf6.o(i._printf_core) for _printf_core
    printf6.o(i.__0fprintf$6) refers to main.o(i.fputc) for fputc
    printf6.o(i.__0printf$6) refers to printf6.o(i._printf_core) for _printf_core
    printf6.o(i.__0printf$6) refers to main.o(i.fputc) for fputc
    printf6.o(i.__0printf$6) refers to stdout.o(.data) for __stdout
    printf6.o(i.__0snprintf$6) refers to printf6.o(i._printf_core) for _printf_core
    printf6.o(i.__0snprintf$6) refers to printf6.o(i._snputc) for _snputc
    printf6.o(i.__0sprintf$6) refers to printf6.o(i._printf_core) for _printf_core
    printf6.o(i.__0sprintf$6) refers to printf6.o(i._sputc) for _sputc
    printf6.o(i.__0vfprintf$6) refers to printf6.o(i._printf_core) for _printf_core
    printf6.o(i.__0vfprintf$6) refers to main.o(i.fputc) for fputc
    printf6.o(i.__0vprintf$6) refers to printf6.o(i._printf_core) for _printf_core
    printf6.o(i.__0vprintf$6) refers to main.o(i.fputc) for fputc
    printf6.o(i.__0vprintf$6) refers to stdout.o(.data) for __stdout
    printf6.o(i.__0vsnprintf$6) refers to printf6.o(i._printf_core) for _printf_core
    printf6.o(i.__0vsnprintf$6) refers to printf6.o(i._snputc) for _snputc
    printf6.o(i.__0vsprintf$6) refers to printf6.o(i._printf_core) for _printf_core
    printf6.o(i.__0vsprintf$6) refers to printf6.o(i._sputc) for _sputc
    printf6.o(i._printf_core) refers to printf6.o(i._printf_pre_padding) for _printf_pre_padding
    printf6.o(i._printf_core) refers to uidiv.o(.text) for __aeabi_uidivmod
    printf6.o(i._printf_core) refers to printf6.o(i._printf_post_padding) for _printf_post_padding
    printf7.o(i.__0fprintf$7) refers to printf7.o(i._printf_core) for _printf_core
    printf7.o(i.__0fprintf$7) refers to main.o(i.fputc) for fputc
    printf7.o(i.__0printf$7) refers to printf7.o(i._printf_core) for _printf_core
    printf7.o(i.__0printf$7) refers to main.o(i.fputc) for fputc
    printf7.o(i.__0printf$7) refers to stdout.o(.data) for __stdout
    printf7.o(i.__0snprintf$7) refers to printf7.o(i._printf_core) for _printf_core
    printf7.o(i.__0snprintf$7) refers to printf7.o(i._snputc) for _snputc
    printf7.o(i.__0sprintf$7) refers to printf7.o(i._printf_core) for _printf_core
    printf7.o(i.__0sprintf$7) refers to printf7.o(i._sputc) for _sputc
    printf7.o(i.__0vfprintf$7) refers to printf7.o(i._printf_core) for _printf_core
    printf7.o(i.__0vfprintf$7) refers to main.o(i.fputc) for fputc
    printf7.o(i.__0vprintf$7) refers to printf7.o(i._printf_core) for _printf_core
    printf7.o(i.__0vprintf$7) refers to main.o(i.fputc) for fputc
    printf7.o(i.__0vprintf$7) refers to stdout.o(.data) for __stdout
    printf7.o(i.__0vsnprintf$7) refers to printf7.o(i._printf_core) for _printf_core
    printf7.o(i.__0vsnprintf$7) refers to printf7.o(i._snputc) for _snputc
    printf7.o(i.__0vsprintf$7) refers to printf7.o(i._printf_core) for _printf_core
    printf7.o(i.__0vsprintf$7) refers to printf7.o(i._sputc) for _sputc
    printf7.o(i._printf_core) refers to printf7.o(i._printf_pre_padding) for _printf_pre_padding
    printf7.o(i._printf_core) refers to uldiv.o(.text) for __aeabi_uldivmod
    printf7.o(i._printf_core) refers to printf7.o(i._printf_post_padding) for _printf_post_padding
    printf8.o(i.__0fprintf$8) refers to printf8.o(i._printf_core) for _printf_core
    printf8.o(i.__0fprintf$8) refers to main.o(i.fputc) for fputc
    printf8.o(i.__0printf$8) refers to printf8.o(i._printf_core) for _printf_core
    printf8.o(i.__0printf$8) refers to main.o(i.fputc) for fputc
    printf8.o(i.__0printf$8) refers to stdout.o(.data) for __stdout
    printf8.o(i.__0snprintf$8) refers to printf8.o(i._printf_core) for _printf_core
    printf8.o(i.__0snprintf$8) refers to printf8.o(i._snputc) for _snputc
    printf8.o(i.__0sprintf$8) refers to printf8.o(i._printf_core) for _printf_core
    printf8.o(i.__0sprintf$8) refers to printf8.o(i._sputc) for _sputc
    printf8.o(i.__0vfprintf$8) refers to printf8.o(i._printf_core) for _printf_core
    printf8.o(i.__0vfprintf$8) refers to main.o(i.fputc) for fputc
    printf8.o(i.__0vprintf$8) refers to printf8.o(i._printf_core) for _printf_core
    printf8.o(i.__0vprintf$8) refers to main.o(i.fputc) for fputc
    printf8.o(i.__0vprintf$8) refers to stdout.o(.data) for __stdout
    printf8.o(i.__0vsnprintf$8) refers to printf8.o(i._printf_core) for _printf_core
    printf8.o(i.__0vsnprintf$8) refers to printf8.o(i._snputc) for _snputc
    printf8.o(i.__0vsprintf$8) refers to printf8.o(i._printf_core) for _printf_core
    printf8.o(i.__0vsprintf$8) refers to printf8.o(i._sputc) for _sputc
    printf8.o(i._printf_core) refers to printf8.o(i._printf_pre_padding) for _printf_pre_padding
    printf8.o(i._printf_core) refers to uldiv.o(.text) for __aeabi_uldivmod
    printf8.o(i._printf_core) refers to printf8.o(i._printf_post_padding) for _printf_post_padding
    printfa.o(i.__0fprintf) refers (Special) to iusefp.o(.text) for __I$use$fp
    printfa.o(i.__0fprintf) refers to printfa.o(i._printf_core) for _printf_core
    printfa.o(i.__0fprintf) refers to main.o(i.fputc) for fputc
    printfa.o(i.__0printf) refers (Special) to iusefp.o(.text) for __I$use$fp
    printfa.o(i.__0printf) refers to printfa.o(i._printf_core) for _printf_core
    printfa.o(i.__0printf) refers to main.o(i.fputc) for fputc
    printfa.o(i.__0printf) refers to stdout.o(.data) for __stdout
    printfa.o(i.__0snprintf) refers (Special) to iusefp.o(.text) for __I$use$fp
    printfa.o(i.__0snprintf) refers to printfa.o(i._printf_core) for _printf_core
    printfa.o(i.__0snprintf) refers to printfa.o(i._snputc) for _snputc
    printfa.o(i.__0sprintf) refers (Special) to iusefp.o(.text) for __I$use$fp
    printfa.o(i.__0sprintf) refers to printfa.o(i._printf_core) for _printf_core
    printfa.o(i.__0sprintf) refers to printfa.o(i._sputc) for _sputc
    printfa.o(i.__0vfprintf) refers (Special) to iusefp.o(.text) for __I$use$fp
    printfa.o(i.__0vfprintf) refers to printfa.o(i._printf_core) for _printf_core
    printfa.o(i.__0vfprintf) refers to main.o(i.fputc) for fputc
    printfa.o(i.__0vprintf) refers (Special) to iusefp.o(.text) for __I$use$fp
    printfa.o(i.__0vprintf) refers to printfa.o(i._printf_core) for _printf_core
    printfa.o(i.__0vprintf) refers to main.o(i.fputc) for fputc
    printfa.o(i.__0vprintf) refers to stdout.o(.data) for __stdout
    printfa.o(i.__0vsnprintf) refers (Special) to iusefp.o(.text) for __I$use$fp
    printfa.o(i.__0vsnprintf) refers to printfa.o(i._printf_core) for _printf_core
    printfa.o(i.__0vsnprintf) refers to printfa.o(i._snputc) for _snputc
    printfa.o(i.__0vsprintf) refers (Special) to iusefp.o(.text) for __I$use$fp
    printfa.o(i.__0vsprintf) refers to printfa.o(i._printf_core) for _printf_core
    printfa.o(i.__0vsprintf) refers to printfa.o(i._sputc) for _sputc
    printfa.o(i._fp_digits) refers (Special) to iusefp.o(.text) for __I$use$fp
    printfa.o(i._fp_digits) refers to dmul.o(.text) for __aeabi_dmul
    printfa.o(i._fp_digits) refers to ddiv.o(.text) for __aeabi_ddiv
    printfa.o(i._fp_digits) refers to cdrcmple.o(.text) for __aeabi_cdrcmple
    printfa.o(i._fp_digits) refers to dadd.o(.text) for __aeabi_dadd
    printfa.o(i._fp_digits) refers to dfixul.o(.text) for __aeabi_d2ulz
    printfa.o(i._fp_digits) refers to uldiv.o(.text) for __aeabi_uldivmod
    printfa.o(i._printf_core) refers (Special) to iusefp.o(.text) for __I$use$fp
    printfa.o(i._printf_core) refers to printfa.o(i._printf_pre_padding) for _printf_pre_padding
    printfa.o(i._printf_core) refers to uldiv.o(.text) for __aeabi_uldivmod
    printfa.o(i._printf_core) refers to printfa.o(i._printf_post_padding) for _printf_post_padding
    printfa.o(i._printf_core) refers to printfa.o(i._fp_digits) for _fp_digits
    printfa.o(i._printf_core) refers to uidiv.o(.text) for __aeabi_uidivmod
    printfa.o(i._printf_post_padding) refers (Special) to iusefp.o(.text) for __I$use$fp
    printfa.o(i._printf_pre_padding) refers (Special) to iusefp.o(.text) for __I$use$fp
    printfa.o(i._snputc) refers (Special) to iusefp.o(.text) for __I$use$fp
    printfa.o(i._sputc) refers (Special) to iusefp.o(.text) for __I$use$fp
    entry2.o(.ARM.Collect$$$$00000001) refers to entry2.o(.ARM.Collect$$$$00002712) for __lit__00000000
    entry2.o(.ARM.Collect$$$$00002712) refers to startup_stm32f10x_md.o(STACK) for __initial_sp
    entry2.o(__vectab_stack_and_reset_area) refers to startup_stm32f10x_md.o(STACK) for __initial_sp
    entry2.o(__vectab_stack_and_reset_area) refers to entry.o(.ARM.Collect$$$$00000000) for __main
    entry5.o(.ARM.Collect$$$$00000004) refers to init.o(.text) for __scatterload
    entry9a.o(.ARM.Collect$$$$0000000B) refers to main.o(i.main) for main
    entry9b.o(.ARM.Collect$$$$0000000C) refers to main.o(i.main) for main
    uldiv.o(.text) refers to llushr.o(.text) for __aeabi_llsr
    uldiv.o(.text) refers to llshl.o(.text) for __aeabi_llsl
    dadd.o(.text) refers to llshl.o(.text) for __aeabi_llsl
    dadd.o(.text) refers to llsshr.o(.text) for __aeabi_lasr
    dadd.o(.text) refers to depilogue.o(.text) for _double_epilogue
    dmul.o(.text) refers to depilogue.o(.text) for _double_epilogue
    ddiv.o(.text) refers to depilogue.o(.text) for _double_round
    dfixul.o(.text) refers to llushr.o(.text) for __aeabi_llsr
    dfixul.o(.text) refers to llshl.o(.text) for __aeabi_llsl
    init.o(.text) refers to entry5.o(.ARM.Collect$$$$00000004) for __main_after_scatterload
    depilogue.o(.text) refers to llshl.o(.text) for __aeabi_llsl
    depilogue.o(.text) refers to llushr.o(.text) for __aeabi_llsr


==============================================================================

Removing Unused input sections from the image.

    Removing ili9320.o(i.LCD_Init), (4 bytes).
    Removing ili9320.o(i.LCD_ReadRAM), (28 bytes).
    Removing ili9320.o(i.LCD_WriteCommand), (104 bytes).
    Removing ili9320.o(i.ili9320_BGR2RGB), (18 bytes).
    Removing ili9320.o(i.ili9320_BackLight), (24 bytes).
    Removing ili9320.o(i.ili9320_Delay), (10 bytes).
    Removing ili9320.o(i.ili9320_DrawPicture), (232 bytes).
    Removing ili9320.o(i.ili9320_GetPoint), (18 bytes).
    Removing ili9320.o(i.ili9320_PutChar), (152 bytes).
    Removing ili9320.o(i.ili9320_PutChar_16x24), (148 bytes).
    Removing ili9320.o(i.ili9320_SetPoint), (22 bytes).
    Removing ili9320.o(i.ili9320_SetWindows), (52 bytes).
    Removing ili9320.o(.constdata), (6096 bytes).
    Removing main.o(i.DHT11_Init), (80 bytes).
    Removing main.o(i.Delayus), (16 bytes).
    Removing main.o(i.NVIC_GroupConfig), (8 bytes).
    Removing main.o(.bss), (16 bytes).
    Removing main.o(.data), (4 bytes).
    Removing main.o(.data), (2 bytes).
    Removing am23xx.o(.data), (1 bytes).
    Removing am23xx.o(.data), (1 bytes).
    Removing core_cm3.o(.emb_text), (32 bytes).
    Removing system_stm32f10x.o(i.SystemCoreClockUpdate), (100 bytes).
    Removing misc.o(i.NVIC_Init), (100 bytes).
    Removing misc.o(i.NVIC_PriorityGroupConfig), (20 bytes).
    Removing misc.o(i.NVIC_SetVectorTable), (20 bytes).
    Removing misc.o(i.NVIC_SystemLPConfig), (24 bytes).
    Removing misc.o(i.SysTick_CLKSourceConfig), (24 bytes).
    Removing stm32f10x_gpio.o(i.GPIO_AFIODeInit), (22 bytes).
    Removing stm32f10x_gpio.o(i.GPIO_DeInit), (180 bytes).
    Removing stm32f10x_gpio.o(i.GPIO_ETH_MediaInterfaceConfig), (12 bytes).
    Removing stm32f10x_gpio.o(i.GPIO_EXTILineConfig), (40 bytes).
    Removing stm32f10x_gpio.o(i.GPIO_EventOutputCmd), (12 bytes).
    Removing stm32f10x_gpio.o(i.GPIO_EventOutputConfig), (28 bytes).
    Removing stm32f10x_gpio.o(i.GPIO_PinLockConfig), (16 bytes).
    Removing stm32f10x_gpio.o(i.GPIO_PinRemapConfig), (88 bytes).
    Removing stm32f10x_gpio.o(i.GPIO_ReadOutputData), (6 bytes).
    Removing stm32f10x_gpio.o(i.GPIO_ReadOutputDataBit), (14 bytes).
    Removing stm32f10x_gpio.o(i.GPIO_StructInit), (16 bytes).
    Removing stm32f10x_gpio.o(i.GPIO_WriteBit), (10 bytes).
    Removing stm32f10x_rcc.o(i.RCC_ADCCLKConfig), (20 bytes).
    Removing stm32f10x_rcc.o(i.RCC_AHBPeriphClockCmd), (24 bytes).
    Removing stm32f10x_rcc.o(i.RCC_APB1PeriphClockCmd), (24 bytes).
    Removing stm32f10x_rcc.o(i.RCC_APB1PeriphResetCmd), (24 bytes).
    Removing stm32f10x_rcc.o(i.RCC_APB2PeriphResetCmd), (24 bytes).
    Removing stm32f10x_rcc.o(i.RCC_AdjustHSICalibrationValue), (20 bytes).
    Removing stm32f10x_rcc.o(i.RCC_BackupResetCmd), (12 bytes).
    Removing stm32f10x_rcc.o(i.RCC_ClearFlag), (16 bytes).
    Removing stm32f10x_rcc.o(i.RCC_ClearITPendingBit), (12 bytes).
    Removing stm32f10x_rcc.o(i.RCC_ClockSecuritySystemCmd), (12 bytes).
    Removing stm32f10x_rcc.o(i.RCC_DeInit), (64 bytes).
    Removing stm32f10x_rcc.o(i.RCC_GetFlagStatus), (48 bytes).
    Removing stm32f10x_rcc.o(i.RCC_GetITStatus), (20 bytes).
    Removing stm32f10x_rcc.o(i.RCC_GetSYSCLKSource), (16 bytes).
    Removing stm32f10x_rcc.o(i.RCC_HCLKConfig), (20 bytes).
    Removing stm32f10x_rcc.o(i.RCC_HSEConfig), (52 bytes).
    Removing stm32f10x_rcc.o(i.RCC_HSICmd), (12 bytes).
    Removing stm32f10x_rcc.o(i.RCC_ITConfig), (24 bytes).
    Removing stm32f10x_rcc.o(i.RCC_LSEConfig), (32 bytes).
    Removing stm32f10x_rcc.o(i.RCC_LSICmd), (12 bytes).
    Removing stm32f10x_rcc.o(i.RCC_MCOConfig), (12 bytes).
    Removing stm32f10x_rcc.o(i.RCC_PCLK1Config), (20 bytes).
    Removing stm32f10x_rcc.o(i.RCC_PCLK2Config), (20 bytes).
    Removing stm32f10x_rcc.o(i.RCC_PLLCmd), (12 bytes).
    Removing stm32f10x_rcc.o(i.RCC_PLLConfig), (20 bytes).
    Removing stm32f10x_rcc.o(i.RCC_RTCCLKCmd), (12 bytes).
    Removing stm32f10x_rcc.o(i.RCC_RTCCLKConfig), (16 bytes).
    Removing stm32f10x_rcc.o(i.RCC_SYSCLKConfig), (20 bytes).
    Removing stm32f10x_rcc.o(i.RCC_USBCLKConfig), (12 bytes).
    Removing stm32f10x_rcc.o(i.RCC_WaitForHSEStartUp), (44 bytes).
    Removing stm32f10x_tim.o(i.TI1_Config), (108 bytes).
    Removing stm32f10x_tim.o(i.TI2_Config), (124 bytes).
    Removing stm32f10x_tim.o(i.TIM_ARRPreloadConfig), (20 bytes).
    Removing stm32f10x_tim.o(i.TIM_BDTRConfig), (34 bytes).
    Removing stm32f10x_tim.o(i.TIM_BDTRStructInit), (18 bytes).
    Removing stm32f10x_tim.o(i.TIM_CCPreloadControl), (20 bytes).
    Removing stm32f10x_tim.o(i.TIM_CCxCmd), (22 bytes).
    Removing stm32f10x_tim.o(i.TIM_CCxNCmd), (22 bytes).
    Removing stm32f10x_tim.o(i.TIM_ClearFlag), (6 bytes).
    Removing stm32f10x_tim.o(i.TIM_ClearITPendingBit), (6 bytes).
    Removing stm32f10x_tim.o(i.TIM_ClearOC1Ref), (12 bytes).
    Removing stm32f10x_tim.o(i.TIM_ClearOC2Ref), (20 bytes).
    Removing stm32f10x_tim.o(i.TIM_ClearOC3Ref), (12 bytes).
    Removing stm32f10x_tim.o(i.TIM_ClearOC4Ref), (20 bytes).
    Removing stm32f10x_tim.o(i.TIM_Cmd), (20 bytes).
    Removing stm32f10x_tim.o(i.TIM_CounterModeConfig), (12 bytes).
    Removing stm32f10x_tim.o(i.TIM_CtrlPWMOutputs), (22 bytes).
    Removing stm32f10x_tim.o(i.TIM_DMACmd), (16 bytes).
    Removing stm32f10x_tim.o(i.TIM_DMAConfig), (8 bytes).
    Removing stm32f10x_tim.o(i.TIM_DeInit), (368 bytes).
    Removing stm32f10x_tim.o(i.TIM_ETRClockMode1Config), (18 bytes).
    Removing stm32f10x_tim.o(i.TIM_ETRClockMode2Config), (18 bytes).
    Removing stm32f10x_tim.o(i.TIM_ETRConfig), (24 bytes).
    Removing stm32f10x_tim.o(i.TIM_EncoderInterfaceConfig), (50 bytes).
    Removing stm32f10x_tim.o(i.TIM_ForcedOC1Config), (12 bytes).
    Removing stm32f10x_tim.o(i.TIM_ForcedOC2Config), (20 bytes).
    Removing stm32f10x_tim.o(i.TIM_ForcedOC3Config), (12 bytes).
    Removing stm32f10x_tim.o(i.TIM_ForcedOC4Config), (20 bytes).
    Removing stm32f10x_tim.o(i.TIM_GenerateEvent), (4 bytes).
    Removing stm32f10x_tim.o(i.TIM_GetCapture1), (4 bytes).
    Removing stm32f10x_tim.o(i.TIM_GetCapture2), (4 bytes).
    Removing stm32f10x_tim.o(i.TIM_GetCapture3), (4 bytes).
    Removing stm32f10x_tim.o(i.TIM_GetCapture4), (6 bytes).
    Removing stm32f10x_tim.o(i.TIM_GetCounter), (4 bytes).
    Removing stm32f10x_tim.o(i.TIM_GetFlagStatus), (14 bytes).
    Removing stm32f10x_tim.o(i.TIM_GetITStatus), (24 bytes).
    Removing stm32f10x_tim.o(i.TIM_GetPrescaler), (4 bytes).
    Removing stm32f10x_tim.o(i.TIM_ICInit), (300 bytes).
    Removing stm32f10x_tim.o(i.TIM_ICStructInit), (16 bytes).
    Removing stm32f10x_tim.o(i.TIM_ITConfig), (16 bytes).
    Removing stm32f10x_tim.o(i.TIM_ITRxExternalClockConfig), (18 bytes).
    Removing stm32f10x_tim.o(i.TIM_InternalClockConfig), (10 bytes).
    Removing stm32f10x_tim.o(i.TIM_OC1FastConfig), (12 bytes).
    Removing stm32f10x_tim.o(i.TIM_OC1Init), (128 bytes).
    Removing stm32f10x_tim.o(i.TIM_OC1NPolarityConfig), (12 bytes).
    Removing stm32f10x_tim.o(i.TIM_OC1PolarityConfig), (12 bytes).
    Removing stm32f10x_tim.o(i.TIM_OC1PreloadConfig), (12 bytes).
    Removing stm32f10x_tim.o(i.TIM_OC2FastConfig), (20 bytes).
    Removing stm32f10x_tim.o(i.TIM_OC2Init), (128 bytes).
    Removing stm32f10x_tim.o(i.TIM_OC2NPolarityConfig), (20 bytes).
    Removing stm32f10x_tim.o(i.TIM_OC2PolarityConfig), (20 bytes).
    Removing stm32f10x_tim.o(i.TIM_OC2PreloadConfig), (20 bytes).
    Removing stm32f10x_tim.o(i.TIM_OC3FastConfig), (12 bytes).
    Removing stm32f10x_tim.o(i.TIM_OC3Init), (124 bytes).
    Removing stm32f10x_tim.o(i.TIM_OC3NPolarityConfig), (20 bytes).
    Removing stm32f10x_tim.o(i.TIM_OC3PolarityConfig), (20 bytes).
    Removing stm32f10x_tim.o(i.TIM_OC3PreloadConfig), (12 bytes).
    Removing stm32f10x_tim.o(i.TIM_OC4FastConfig), (20 bytes).
    Removing stm32f10x_tim.o(i.TIM_OC4Init), (100 bytes).
    Removing stm32f10x_tim.o(i.TIM_OC4PolarityConfig), (20 bytes).
    Removing stm32f10x_tim.o(i.TIM_OC4PreloadConfig), (20 bytes).
    Removing stm32f10x_tim.o(i.TIM_OCStructInit), (20 bytes).
    Removing stm32f10x_tim.o(i.TIM_PWMIConfig), (108 bytes).
    Removing stm32f10x_tim.o(i.TIM_PrescalerConfig), (6 bytes).
    Removing stm32f10x_tim.o(i.TIM_SelectCCDMA), (20 bytes).
    Removing stm32f10x_tim.o(i.TIM_SelectCOM), (20 bytes).
    Removing stm32f10x_tim.o(i.TIM_SelectHallSensor), (20 bytes).
    Removing stm32f10x_tim.o(i.TIM_SelectInputTrigger), (12 bytes).
    Removing stm32f10x_tim.o(i.TIM_SelectMasterSlaveMode), (16 bytes).
    Removing stm32f10x_tim.o(i.TIM_SelectOCxM), (70 bytes).
    Removing stm32f10x_tim.o(i.TIM_SelectOnePulseMode), (16 bytes).
    Removing stm32f10x_tim.o(i.TIM_SelectOutputTrigger), (16 bytes).
    Removing stm32f10x_tim.o(i.TIM_SelectSlaveMode), (16 bytes).
    Removing stm32f10x_tim.o(i.TIM_SetAutoreload), (4 bytes).
    Removing stm32f10x_tim.o(i.TIM_SetClockDivision), (16 bytes).
    Removing stm32f10x_tim.o(i.TIM_SetCompare1), (4 bytes).
    Removing stm32f10x_tim.o(i.TIM_SetCompare2), (4 bytes).
    Removing stm32f10x_tim.o(i.TIM_SetCompare3), (4 bytes).
    Removing stm32f10x_tim.o(i.TIM_SetCompare4), (6 bytes).
    Removing stm32f10x_tim.o(i.TIM_SetCounter), (4 bytes).
    Removing stm32f10x_tim.o(i.TIM_SetIC1Prescaler), (16 bytes).
    Removing stm32f10x_tim.o(i.TIM_SetIC2Prescaler), (24 bytes).
    Removing stm32f10x_tim.o(i.TIM_SetIC3Prescaler), (16 bytes).
    Removing stm32f10x_tim.o(i.TIM_SetIC4Prescaler), (24 bytes).
    Removing stm32f10x_tim.o(i.TIM_TIxExternalClockConfig), (46 bytes).
    Removing stm32f10x_tim.o(i.TIM_TimeBaseInit), (156 bytes).
    Removing stm32f10x_tim.o(i.TIM_TimeBaseStructInit), (18 bytes).
    Removing stm32f10x_tim.o(i.TIM_UpdateDisableConfig), (20 bytes).
    Removing stm32f10x_tim.o(i.TIM_UpdateRequestConfig), (20 bytes).
    Removing stm32f10x_usart.o(i.USART_ClearFlag), (6 bytes).
    Removing stm32f10x_usart.o(i.USART_ClearITPendingBit), (12 bytes).
    Removing stm32f10x_usart.o(i.USART_ClockInit), (30 bytes).
    Removing stm32f10x_usart.o(i.USART_ClockStructInit), (12 bytes).
    Removing stm32f10x_usart.o(i.USART_DMACmd), (16 bytes).
    Removing stm32f10x_usart.o(i.USART_DeInit), (116 bytes).
    Removing stm32f10x_usart.o(i.USART_GetITStatus), (62 bytes).
    Removing stm32f10x_usart.o(i.USART_HalfDuplexCmd), (20 bytes).
    Removing stm32f10x_usart.o(i.USART_ITConfig), (48 bytes).
    Removing stm32f10x_usart.o(i.USART_IrDACmd), (20 bytes).
    Removing stm32f10x_usart.o(i.USART_IrDAConfig), (16 bytes).
    Removing stm32f10x_usart.o(i.USART_LINBreakDetectLengthConfig), (16 bytes).
    Removing stm32f10x_usart.o(i.USART_LINCmd), (20 bytes).
    Removing stm32f10x_usart.o(i.USART_OneBitMethodCmd), (20 bytes).
    Removing stm32f10x_usart.o(i.USART_OverSampling8Cmd), (20 bytes).
    Removing stm32f10x_usart.o(i.USART_ReceiveData), (8 bytes).
    Removing stm32f10x_usart.o(i.USART_ReceiverWakeUpCmd), (20 bytes).
    Removing stm32f10x_usart.o(i.USART_SendBreak), (10 bytes).
    Removing stm32f10x_usart.o(i.USART_SetAddress), (16 bytes).
    Removing stm32f10x_usart.o(i.USART_SetGuardTime), (16 bytes).
    Removing stm32f10x_usart.o(i.USART_SetPrescaler), (16 bytes).
    Removing stm32f10x_usart.o(i.USART_SmartCardCmd), (20 bytes).
    Removing stm32f10x_usart.o(i.USART_SmartCardNACKCmd), (20 bytes).
    Removing stm32f10x_usart.o(i.USART_StructInit), (22 bytes).
    Removing stm32f10x_usart.o(i.USART_WakeUpConfig), (16 bytes).
    Removing startup_stm32f10x_md.o(HEAP), (512 bytes).
    Removing dadd.o(.text), (334 bytes).
    Removing dmul.o(.text), (228 bytes).
    Removing ddiv.o(.text), (222 bytes).
    Removing dfixul.o(.text), (48 bytes).
    Removing cdrcmple.o(.text), (48 bytes).
    Removing depilogue.o(.text), (186 bytes).

191 unused section(s) (total 13598 bytes) removed from the image.

==============================================================================

Image Symbol Table

    Local Symbols

    Symbol Name                              Value     Ov Type        Size  Object(Section)

    ../clib/../cmprslib/zerorunl2.c          0x00000000   Number         0  __dczerorl2.o ABSOLUTE
    ../clib/microlib/division.c              0x00000000   Number         0  uldiv.o ABSOLUTE
    ../clib/microlib/division.c              0x00000000   Number         0  uidiv.o ABSOLUTE
    ../clib/microlib/init/entry.s            0x00000000   Number         0  entry12b.o ABSOLUTE
    ../clib/microlib/init/entry.s            0x00000000   Number         0  entry8b.o ABSOLUTE
    ../clib/microlib/init/entry.s            0x00000000   Number         0  entry10a.o ABSOLUTE
    ../clib/microlib/init/entry.s            0x00000000   Number         0  entry9b.o ABSOLUTE
    ../clib/microlib/init/entry.s            0x00000000   Number         0  entry.o ABSOLUTE
    ../clib/microlib/init/entry.s            0x00000000   Number         0  entry7a.o ABSOLUTE
    ../clib/microlib/init/entry.s            0x00000000   Number         0  entry7b.o ABSOLUTE
    ../clib/microlib/init/entry.s            0x00000000   Number         0  entry8a.o ABSOLUTE
    ../clib/microlib/init/entry.s            0x00000000   Number         0  entry9a.o ABSOLUTE
    ../clib/microlib/init/entry.s            0x00000000   Number         0  entry12a.o ABSOLUTE
    ../clib/microlib/init/entry.s            0x00000000   Number         0  entry11b.o ABSOLUTE
    ../clib/microlib/init/entry.s            0x00000000   Number         0  entry11a.o ABSOLUTE
    ../clib/microlib/init/entry.s            0x00000000   Number         0  entry10b.o ABSOLUTE
    ../clib/microlib/init/entry.s            0x00000000   Number         0  entry5.o ABSOLUTE
    ../clib/microlib/init/entry.s            0x00000000   Number         0  entry2.o ABSOLUTE
    ../clib/microlib/longlong.c              0x00000000   Number         0  llsshr.o ABSOLUTE
    ../clib/microlib/longlong.c              0x00000000   Number         0  llushr.o ABSOLUTE
    ../clib/microlib/longlong.c              0x00000000   Number         0  llshl.o ABSOLUTE
    ../clib/microlib/printf/printf.c         0x00000000   Number         0  printf7.o ABSOLUTE
    ../clib/microlib/printf/printf.c         0x00000000   Number         0  printfb.o ABSOLUTE
    ../clib/microlib/printf/printf.c         0x00000000   Number         0  printf0.o ABSOLUTE
    ../clib/microlib/printf/printf.c         0x00000000   Number         0  printf5.o ABSOLUTE
    ../clib/microlib/printf/printf.c         0x00000000   Number         0  printf8.o ABSOLUTE
    ../clib/microlib/printf/printf.c         0x00000000   Number         0  printf1.o ABSOLUTE
    ../clib/microlib/printf/printf.c         0x00000000   Number         0  printf6.o ABSOLUTE
    ../clib/microlib/printf/printf.c         0x00000000   Number         0  printf2.o ABSOLUTE
    ../clib/microlib/printf/printf.c         0x00000000   Number         0  printf3.o ABSOLUTE
    ../clib/microlib/printf/printf.c         0x00000000   Number         0  printfa.o ABSOLUTE
    ../clib/microlib/printf/printf.c         0x00000000   Number         0  printf4.o ABSOLUTE
    ../clib/microlib/printf/stubs.s          0x00000000   Number         0  stubs.o ABSOLUTE
    ../clib/microlib/stdio/streams.c         0x00000000   Number         0  stdout.o ABSOLUTE
    ../clib/microlib/stubs.s                 0x00000000   Number         0  iusefp.o ABSOLUTE
    ../fplib/microlib/fpadd.c                0x00000000   Number         0  dadd.o ABSOLUTE
    ../fplib/microlib/fpdiv.c                0x00000000   Number         0  ddiv.o ABSOLUTE
    ../fplib/microlib/fpepilogue.c           0x00000000   Number         0  depilogue.o ABSOLUTE
    ../fplib/microlib/fpfix.c                0x00000000   Number         0  dfixul.o ABSOLUTE
    ../fplib/microlib/fpmul.c                0x00000000   Number         0  dmul.o ABSOLUTE
    ..\CMSIS\core_cm3.c                      0x00000000   Number         0  core_cm3.o ABSOLUTE
    ..\CMSIS\startup\startup_stm32f10x_md.s  0x00000000   Number         0  startup_stm32f10x_md.o ABSOLUTE
    ..\CMSIS\system_stm32f10x.c              0x00000000   Number         0  system_stm32f10x.o ABSOLUTE
    ..\STDLIB\src\misc.c                     0x00000000   Number         0  misc.o ABSOLUTE
    ..\STDLIB\src\stm32f10x_gpio.c           0x00000000   Number         0  stm32f10x_gpio.o ABSOLUTE
    ..\STDLIB\src\stm32f10x_rcc.c            0x00000000   Number         0  stm32f10x_rcc.o ABSOLUTE
    ..\STDLIB\src\stm32f10x_tim.c            0x00000000   Number         0  stm32f10x_tim.o ABSOLUTE
    ..\STDLIB\src\stm32f10x_usart.c          0x00000000   Number         0  stm32f10x_usart.o ABSOLUTE
    ..\\CMSIS\\core_cm3.c                    0x00000000   Number         0  core_cm3.o ABSOLUTE
    ..\user\AM23XX.c                         0x00000000   Number         0  am23xx.o ABSOLUTE
    ..\user\ili9320.c                        0x00000000   Number         0  ili9320.o ABSOLUTE
    ..\user\main.c                           0x00000000   Number         0  main.o ABSOLUTE
    ..\user\stm32f10x_it.c                   0x00000000   Number         0  stm32f10x_it.o ABSOLUTE
    cdrcmple.s                               0x00000000   Number         0  cdrcmple.o ABSOLUTE
    dc.s                                     0x00000000   Number         0  dc.o ABSOLUTE
    handlers.s                               0x00000000   Number         0  handlers.o ABSOLUTE
    init.s                                   0x00000000   Number         0  init.o ABSOLUTE
    RESET                                    0x08000000   Section      236  startup_stm32f10x_md.o(RESET)
    .ARM.Collect$$$$00000000                 0x080000ec   Section        0  entry.o(.ARM.Collect$$$$00000000)
    .ARM.Collect$$$$00000001                 0x080000ec   Section        4  entry2.o(.ARM.Collect$$$$00000001)
    .ARM.Collect$$$$00000004                 0x080000f0   Section        4  entry5.o(.ARM.Collect$$$$00000004)
    .ARM.Collect$$$$00000008                 0x080000f4   Section        0  entry7b.o(.ARM.Collect$$$$00000008)
    .ARM.Collect$$$$0000000A                 0x080000f4   Section        0  entry8b.o(.ARM.Collect$$$$0000000A)
    .ARM.Collect$$$$0000000B                 0x080000f4   Section        8  entry9a.o(.ARM.Collect$$$$0000000B)
    .ARM.Collect$$$$0000000E                 0x080000fc   Section        4  entry12b.o(.ARM.Collect$$$$0000000E)
    .ARM.Collect$$$$0000000F                 0x08000100   Section        0  entry10a.o(.ARM.Collect$$$$0000000F)
    .ARM.Collect$$$$00000011                 0x08000100   Section        0  entry11a.o(.ARM.Collect$$$$00000011)
    .ARM.Collect$$$$00002712                 0x08000100   Section        4  entry2.o(.ARM.Collect$$$$00002712)
    __lit__00000000                          0x08000100   Data           4  entry2.o(.ARM.Collect$$$$00002712)
    .text                                    0x08000104   Section       36  startup_stm32f10x_md.o(.text)
    .text                                    0x08000128   Section        0  uldiv.o(.text)
    .text                                    0x0800018c   Section       36  init.o(.text)
    .text                                    0x080001b0   Section        0  llshl.o(.text)
    .text                                    0x080001ce   Section        0  llushr.o(.text)
    .text                                    0x080001ee   Section        0  __dczerorl2.o(.text)
    i.BusFault_Handler                       0x08000244   Section        0  stm32f10x_it.o(i.BusFault_Handler)
    i.DHT11_GPIO_Config                      0x08000248   Section        0  am23xx.o(i.DHT11_GPIO_Config)
    i.DHT11_Mode_Out_PP                      0x080002a0   Section        0  am23xx.o(i.DHT11_Mode_Out_PP)
    DHT11_Mode_Out_PP                        0x080002a1   Thumb Code    30  am23xx.o(i.DHT11_Mode_Out_PP)
    i.DebugMon_Handler                       0x080002c4   Section        0  stm32f10x_it.o(i.DebugMon_Handler)
    i.Delay                                  0x080002c6   Section        0  ili9320.o(i.Delay)
    i.GPIO_Init                              0x080002e8   Section        0  stm32f10x_gpio.o(i.GPIO_Init)
    i.GPIO_ReadInputData                     0x0800038a   Section        0  stm32f10x_gpio.o(i.GPIO_ReadInputData)
    i.GPIO_ReadInputDataBit                  0x08000390   Section        0  stm32f10x_gpio.o(i.GPIO_ReadInputDataBit)
    i.GPIO_ResetBits                         0x0800039e   Section        0  stm32f10x_gpio.o(i.GPIO_ResetBits)
    i.GPIO_SetBits                           0x080003a2   Section        0  stm32f10x_gpio.o(i.GPIO_SetBits)
    i.GPIO_Write                             0x080003a6   Section        0  stm32f10x_gpio.o(i.GPIO_Write)
    i.HardFault_Handler                      0x080003aa   Section        0  stm32f10x_it.o(i.HardFault_Handler)
    i.LCD_DB_AS_InPut                        0x080003ac   Section        0  ili9320.o(i.LCD_DB_AS_InPut)
    i.LCD_DB_AS_OutPut                       0x080003ec   Section        0  ili9320.o(i.LCD_DB_AS_OutPut)
    i.LCD_DrawChar24_48                      0x0800042c   Section        0  ili9320.o(i.LCD_DrawChar24_48)
    i.LCD_DrawChar48_48                      0x080004dc   Section        0  ili9320.o(i.LCD_DrawChar48_48)
    i.LCD_Pins_Config                        0x0800058c   Section        0  ili9320.o(i.LCD_Pins_Config)
    i.LCD_ReadReg                            0x08000624   Section        0  ili9320.o(i.LCD_ReadReg)
    i.LCD_ReadSta                            0x080006b8   Section        0  ili9320.o(i.LCD_ReadSta)
    i.LCD_WriteRAM                           0x08000700   Section        0  ili9320.o(i.LCD_WriteRAM)
    i.LCD_WriteRAM_Prepare                   0x08000768   Section        0  ili9320.o(i.LCD_WriteRAM_Prepare)
    i.LCD_WriteReg                           0x080007c4   Section        0  ili9320.o(i.LCD_WriteReg)
    i.MemManage_Handler                      0x08000878   Section        0  stm32f10x_it.o(i.MemManage_Handler)
    i.NMI_Handler                            0x0800087a   Section        0  stm32f10x_it.o(i.NMI_Handler)
    i.PendSV_Handler                         0x0800087c   Section        0  stm32f10x_it.o(i.PendSV_Handler)
    i.RCC_APB2PeriphClockCmd                 0x08000880   Section        0  stm32f10x_rcc.o(i.RCC_APB2PeriphClockCmd)
    i.RCC_GetClocksFreq                      0x08000898   Section        0  stm32f10x_rcc.o(i.RCC_GetClocksFreq)
    i.Read_Byte                              0x08000928   Section        0  am23xx.o(i.Read_Byte)
    Read_Byte                                0x08000929   Thumb Code    92  am23xx.o(i.Read_Byte)
    i.Read_DHT11                             0x08000988   Section        0  am23xx.o(i.Read_DHT11)
    i.Read_Sensor                            0x08000a98   Section        0  main.o(i.Read_Sensor)
    i.STM32_Shenzhou_COMInit                 0x08000b18   Section        0  main.o(i.STM32_Shenzhou_COMInit)
    i.SVC_Handler                            0x08000b7c   Section        0  stm32f10x_it.o(i.SVC_Handler)
    i.SZ_STM32_SysTickInit                   0x08000b80   Section        0  main.o(i.SZ_STM32_SysTickInit)
    i.SetSysClockTo72                        0x08000bb8   Section        0  system_stm32f10x.o(i.SetSysClockTo72)
    SetSysClockTo72                          0x08000bb9   Thumb Code   160  system_stm32f10x.o(i.SetSysClockTo72)
    i.SysTickDelay                           0x08000c60   Section        0  main.o(i.SysTickDelay)
    i.SysTick_Handler                        0x08000c74   Section        0  main.o(i.SysTick_Handler)
    i.SystemInit                             0x08000c78   Section        0  system_stm32f10x.o(i.SystemInit)
    i.TimingDelay_Decrement                  0x08000cc8   Section        0  main.o(i.TimingDelay_Decrement)
    i.USART_Cmd                              0x08000cdc   Section        0  stm32f10x_usart.o(i.USART_Cmd)
    i.USART_GetFlagStatus                    0x08000cf0   Section        0  stm32f10x_usart.o(i.USART_GetFlagStatus)
    i.USART_Init                             0x08000d00   Section        0  stm32f10x_usart.o(i.USART_Init)
    i.USART_SendData                         0x08000dac   Section        0  stm32f10x_usart.o(i.USART_SendData)
    i.UsageFault_Handler                     0x08000db4   Section        0  stm32f10x_it.o(i.UsageFault_Handler)
    i.__0printf$8                            0x08000db8   Section        0  printf8.o(i.__0printf$8)
    i.__scatterload_copy                     0x08000dd8   Section       14  handlers.o(i.__scatterload_copy)
    i.__scatterload_null                     0x08000de6   Section        2  handlers.o(i.__scatterload_null)
    i.__scatterload_zeroinit                 0x08000de8   Section       14  handlers.o(i.__scatterload_zeroinit)
    i._printf_core                           0x08000df8   Section        0  printf8.o(i._printf_core)
    _printf_core                             0x08000df9   Thumb Code   984  printf8.o(i._printf_core)
    i._printf_post_padding                   0x080011fc   Section        0  printf8.o(i._printf_post_padding)
    _printf_post_padding                     0x080011fd   Thumb Code    36  printf8.o(i._printf_post_padding)
    i._printf_pre_padding                    0x08001220   Section        0  printf8.o(i._printf_pre_padding)
    _printf_pre_padding                      0x08001221   Thumb Code    46  printf8.o(i._printf_pre_padding)
    i.delay                                  0x0800124e   Section        0  am23xx.o(i.delay)
    i.display                                0x08001260   Section        0  ili9320.o(i.display)
    i.displayshuzi                           0x08001278   Section        0  ili9320.o(i.displayshuzi)
    i.fputc                                  0x080012b4   Section        0  main.o(i.fputc)
    i.ili9320_Clear                          0x080012d8   Section        0  ili9320.o(i.ili9320_Clear)
    i.ili9320_Initializtion                  0x08001364   Section        0  ili9320.o(i.ili9320_Initializtion)
    i.ili9320_SetCursor                      0x08002160   Section        0  ili9320.o(i.ili9320_SetCursor)
    i.jiemian                                0x080021c0   Section        0  ili9320.o(i.jiemian)
    i.main                                   0x08002230   Section        0  main.o(i.main)
    .conststring                             0x08002294   Section       85  main.o(.conststring)
    .data                                    0x20000000   Section     3032  ili9320.o(.data)
    HyalineBack                              0x20000000   Data           1  ili9320.o(.data)
    TextColor                                0x20000002   Data           2  ili9320.o(.data)
    BackColor                                0x20000004   Data           2  ili9320.o(.data)
    .data                                    0x20000bd8   Section        4  main.o(.data)
    .data                                    0x20000bdc   Section        2  am23xx.o(.data)
    .data                                    0x20000be0   Section       20  system_stm32f10x.o(.data)
    .data                                    0x20000bf4   Section       20  stm32f10x_rcc.o(.data)
    ADCPrescTable                            0x20000bf4   Data           4  stm32f10x_rcc.o(.data)
    APBAHBPrescTable                         0x20000bf8   Data          16  stm32f10x_rcc.o(.data)
    .data                                    0x20000c08   Section        4  stdout.o(.data)
    .bss                                     0x20000c0c   Section       14  main.o(.bss)
    STACK                                    0x20000c20   Section     1024  startup_stm32f10x_md.o(STACK)

    Global Symbols

    Symbol Name                              Value     Ov Type        Size  Object(Section)

    BuildAttributes$$THM_ISAv4$P$D$K$B$S$PE$A:L22UL41UL21$X:L11$S22US41US21$IEEE1$IW$USESV6$~STKCKD$USESV7$~SHL$OSPACE$ROPI$EBA8$MICROLIB$REQ8$PRES8$EABIv2 0x00000000   Number         0  anon$$obj.o ABSOLUTE
    __ARM_use_no_argv                        0x00000000   Number         0  main.o ABSOLUTE
    _printf_a                                0x00000000   Number         0  stubs.o ABSOLUTE
    _printf_c                                0x00000000   Number         0  stubs.o ABSOLUTE
    _printf_charcount                        0x00000000   Number         0  stubs.o ABSOLUTE
    _printf_d                                0x00000000   Number         0  stubs.o ABSOLUTE
    _printf_e                                0x00000000   Number         0  stubs.o ABSOLUTE
    _printf_f                                0x00000000   Number         0  stubs.o ABSOLUTE
    _printf_flags                            0x00000000   Number         0  stubs.o ABSOLUTE
    _printf_fp_dec                           0x00000000   Number         0  stubs.o ABSOLUTE
    _printf_fp_hex                           0x00000000   Number         0  stubs.o ABSOLUTE
    _printf_g                                0x00000000   Number         0  stubs.o ABSOLUTE
    _printf_i                                0x00000000   Number         0  stubs.o ABSOLUTE
    _printf_int_dec                          0x00000000   Number         0  stubs.o ABSOLUTE
    _printf_l                                0x00000000   Number         0  stubs.o ABSOLUTE
    _printf_lc                               0x00000000   Number         0  stubs.o ABSOLUTE
    _printf_ll                               0x00000000   Number         0  stubs.o ABSOLUTE
    _printf_lld                              0x00000000   Number         0  stubs.o ABSOLUTE
    _printf_lli                              0x00000000   Number         0  stubs.o ABSOLUTE
    _printf_llo                              0x00000000   Number         0  stubs.o ABSOLUTE
    _printf_llu                              0x00000000   Number         0  stubs.o ABSOLUTE
    _printf_llx                              0x00000000   Number         0  stubs.o ABSOLUTE
    _printf_longlong_dec                     0x00000000   Number         0  stubs.o ABSOLUTE
    _printf_longlong_hex                     0x00000000   Number         0  stubs.o ABSOLUTE
    _printf_longlong_oct                     0x00000000   Number         0  stubs.o ABSOLUTE
    _printf_ls                               0x00000000   Number         0  stubs.o ABSOLUTE
    _printf_mbtowc                           0x00000000   Number         0  stubs.o ABSOLUTE
    _printf_n                                0x00000000   Number         0  stubs.o ABSOLUTE
    _printf_o                                0x00000000   Number         0  stubs.o ABSOLUTE
    _printf_p                                0x00000000   Number         0  stubs.o ABSOLUTE
    _printf_percent                          0x00000000   Number         0  stubs.o ABSOLUTE
    _printf_pre_padding                      0x00000000   Number         0  stubs.o ABSOLUTE
    _printf_return_value                     0x00000000   Number         0  stubs.o ABSOLUTE
    _printf_s                                0x00000000   Number         0  stubs.o ABSOLUTE
    _printf_sizespec                         0x00000000   Number         0  stubs.o ABSOLUTE
    _printf_str                              0x00000000   Number         0  stubs.o ABSOLUTE
    _printf_truncate_signed                  0x00000000   Number         0  stubs.o ABSOLUTE
    _printf_truncate_unsigned                0x00000000   Number         0  stubs.o ABSOLUTE
    _printf_u                                0x00000000   Number         0  stubs.o ABSOLUTE
    _printf_wc                               0x00000000   Number         0  stubs.o ABSOLUTE
    _printf_wctomb                           0x00000000   Number         0  stubs.o ABSOLUTE
    _printf_widthprec                        0x00000000   Number         0  stubs.o ABSOLUTE
    _printf_x                                0x00000000   Number         0  stubs.o ABSOLUTE
    __arm_fini_                               - Undefined Weak Reference
    __cpp_initialize__aeabi_                  - Undefined Weak Reference
    __cxa_finalize                            - Undefined Weak Reference
    _clock_init                               - Undefined Weak Reference
    _microlib_exit                            - Undefined Weak Reference
    __Vectors_Size                           0x000000ec   Number         0  startup_stm32f10x_md.o ABSOLUTE
    __Vectors                                0x08000000   Data           4  startup_stm32f10x_md.o(RESET)
    __Vectors_End                            0x080000ec   Data           0  startup_stm32f10x_md.o(RESET)
    __main                                   0x080000ed   Thumb Code     0  entry.o(.ARM.Collect$$$$00000000)
    _main_stk                                0x080000ed   Thumb Code     0  entry2.o(.ARM.Collect$$$$00000001)
    _main_scatterload                        0x080000f1   Thumb Code     0  entry5.o(.ARM.Collect$$$$00000004)
    __main_after_scatterload                 0x080000f5   Thumb Code     0  entry5.o(.ARM.Collect$$$$00000004)
    _main_clock                              0x080000f5   Thumb Code     0  entry7b.o(.ARM.Collect$$$$00000008)
    _main_cpp_init                           0x080000f5   Thumb Code     0  entry8b.o(.ARM.Collect$$$$0000000A)
    _main_init                               0x080000f5   Thumb Code     0  entry9a.o(.ARM.Collect$$$$0000000B)
    __rt_lib_shutdown_fini                   0x080000fd   Thumb Code     0  entry12b.o(.ARM.Collect$$$$0000000E)
    __rt_final_cpp                           0x08000101   Thumb Code     0  entry10a.o(.ARM.Collect$$$$0000000F)
    __rt_final_exit                          0x08000101   Thumb Code     0  entry11a.o(.ARM.Collect$$$$00000011)
    Reset_Handler                            0x08000105   Thumb Code     8  startup_stm32f10x_md.o(.text)
    ADC1_2_IRQHandler                        0x0800011f   Thumb Code     0  startup_stm32f10x_md.o(.text)
    CAN1_RX1_IRQHandler                      0x0800011f   Thumb Code     0  startup_stm32f10x_md.o(.text)
    CAN1_SCE_IRQHandler                      0x0800011f   Thumb Code     0  startup_stm32f10x_md.o(.text)
    DMA1_Channel1_IRQHandler                 0x0800011f   Thumb Code     0  startup_stm32f10x_md.o(.text)
    DMA1_Channel2_IRQHandler                 0x0800011f   Thumb Code     0  startup_stm32f10x_md.o(.text)
    DMA1_Channel3_IRQHandler                 0x0800011f   Thumb Code     0  startup_stm32f10x_md.o(.text)
    DMA1_Channel4_IRQHandler                 0x0800011f   Thumb Code     0  startup_stm32f10x_md.o(.text)
    DMA1_Channel5_IRQHandler                 0x0800011f   Thumb Code     0  startup_stm32f10x_md.o(.text)
    DMA1_Channel6_IRQHandler                 0x0800011f   Thumb Code     0  startup_stm32f10x_md.o(.text)
    DMA1_Channel7_IRQHandler                 0x0800011f   Thumb Code     0  startup_stm32f10x_md.o(.text)
    EXTI0_IRQHandler                         0x0800011f   Thumb Code     0  startup_stm32f10x_md.o(.text)
    EXTI15_10_IRQHandler                     0x0800011f   Thumb Code     0  startup_stm32f10x_md.o(.text)
    EXTI1_IRQHandler                         0x0800011f   Thumb Code     0  startup_stm32f10x_md.o(.text)
    EXTI2_IRQHandler                         0x0800011f   Thumb Code     0  startup_stm32f10x_md.o(.text)
    EXTI3_IRQHandler                         0x0800011f   Thumb Code     0  startup_stm32f10x_md.o(.text)
    EXTI4_IRQHandler                         0x0800011f   Thumb Code     0  startup_stm32f10x_md.o(.text)
    EXTI9_5_IRQHandler                       0x0800011f   Thumb Code     0  startup_stm32f10x_md.o(.text)
    FLASH_IRQHandler                         0x0800011f   Thumb Code     0  startup_stm32f10x_md.o(.text)
    I2C1_ER_IRQHandler                       0x0800011f   Thumb Code     0  startup_stm32f10x_md.o(.text)
    I2C1_EV_IRQHandler                       0x0800011f   Thumb Code     0  startup_stm32f10x_md.o(.text)
    I2C2_ER_IRQHandler                       0x0800011f   Thumb Code     0  startup_stm32f10x_md.o(.text)
    I2C2_EV_IRQHandler                       0x0800011f   Thumb Code     0  startup_stm32f10x_md.o(.text)
    PVD_IRQHandler                           0x0800011f   Thumb Code     0  startup_stm32f10x_md.o(.text)
    RCC_IRQHandler                           0x0800011f   Thumb Code     0  startup_stm32f10x_md.o(.text)
    RTCAlarm_IRQHandler                      0x0800011f   Thumb Code     0  startup_stm32f10x_md.o(.text)
    RTC_IRQHandler                           0x0800011f   Thumb Code     0  startup_stm32f10x_md.o(.text)
    SPI1_IRQHandler                          0x0800011f   Thumb Code     0  startup_stm32f10x_md.o(.text)
    SPI2_IRQHandler                          0x0800011f   Thumb Code     0  startup_stm32f10x_md.o(.text)
    TAMPER_IRQHandler                        0x0800011f   Thumb Code     0  startup_stm32f10x_md.o(.text)
    TIM1_BRK_IRQHandler                      0x0800011f   Thumb Code     0  startup_stm32f10x_md.o(.text)
    TIM1_CC_IRQHandler                       0x0800011f   Thumb Code     0  startup_stm32f10x_md.o(.text)
    TIM1_TRG_COM_IRQHandler                  0x0800011f   Thumb Code     0  startup_stm32f10x_md.o(.text)
    TIM1_UP_IRQHandler                       0x0800011f   Thumb Code     0  startup_stm32f10x_md.o(.text)
    TIM2_IRQHandler                          0x0800011f   Thumb Code     0  startup_stm32f10x_md.o(.text)
    TIM3_IRQHandler                          0x0800011f   Thumb Code     0  startup_stm32f10x_md.o(.text)
    TIM4_IRQHandler                          0x0800011f   Thumb Code     0  startup_stm32f10x_md.o(.text)
    USART1_IRQHandler                        0x0800011f   Thumb Code     0  startup_stm32f10x_md.o(.text)
    USART2_IRQHandler                        0x0800011f   Thumb Code     0  startup_stm32f10x_md.o(.text)
    USART3_IRQHandler                        0x0800011f   Thumb Code     0  startup_stm32f10x_md.o(.text)
    USBWakeUp_IRQHandler                     0x0800011f   Thumb Code     0  startup_stm32f10x_md.o(.text)
    USB_HP_CAN1_TX_IRQHandler                0x0800011f   Thumb Code     0  startup_stm32f10x_md.o(.text)
    USB_LP_CAN1_RX0_IRQHandler               0x0800011f   Thumb Code     0  startup_stm32f10x_md.o(.text)
    WWDG_IRQHandler                          0x0800011f   Thumb Code     0  startup_stm32f10x_md.o(.text)
    __aeabi_uldivmod                         0x08000129   Thumb Code    98  uldiv.o(.text)
    __scatterload                            0x0800018d   Thumb Code    28  init.o(.text)
    __scatterload_rt2                        0x0800018d   Thumb Code     0  init.o(.text)
    __aeabi_llsl                             0x080001b1   Thumb Code    30  llshl.o(.text)
    _ll_shift_l                              0x080001b1   Thumb Code     0  llshl.o(.text)
    __aeabi_llsr                             0x080001cf   Thumb Code    32  llushr.o(.text)
    _ll_ushift_r                             0x080001cf   Thumb Code     0  llushr.o(.text)
    __decompress                             0x080001ef   Thumb Code     0  __dczerorl2.o(.text)
    __decompress1                            0x080001ef   Thumb Code    86  __dczerorl2.o(.text)
    BusFault_Handler                         0x08000245   Thumb Code     2  stm32f10x_it.o(i.BusFault_Handler)
    DHT11_GPIO_Config                        0x08000249   Thumb Code    60  am23xx.o(i.DHT11_GPIO_Config)
    DebugMon_Handler                         0x080002c5   Thumb Code     2  stm32f10x_it.o(i.DebugMon_Handler)
    Delay                                    0x080002c7   Thumb Code    34  ili9320.o(i.Delay)
    GPIO_Init                                0x080002e9   Thumb Code   162  stm32f10x_gpio.o(i.GPIO_Init)
    GPIO_ReadInputData                       0x0800038b   Thumb Code     6  stm32f10x_gpio.o(i.GPIO_ReadInputData)
    GPIO_ReadInputDataBit                    0x08000391   Thumb Code    14  stm32f10x_gpio.o(i.GPIO_ReadInputDataBit)
    GPIO_ResetBits                           0x0800039f   Thumb Code     4  stm32f10x_gpio.o(i.GPIO_ResetBits)
    GPIO_SetBits                             0x080003a3   Thumb Code     4  stm32f10x_gpio.o(i.GPIO_SetBits)
    GPIO_Write                               0x080003a7   Thumb Code     4  stm32f10x_gpio.o(i.GPIO_Write)
    HardFault_Handler                        0x080003ab   Thumb Code     2  stm32f10x_it.o(i.HardFault_Handler)
    LCD_DB_AS_InPut                          0x080003ad   Thumb Code    54  ili9320.o(i.LCD_DB_AS_InPut)
    LCD_DB_AS_OutPut                         0x080003ed   Thumb Code    54  ili9320.o(i.LCD_DB_AS_OutPut)
    LCD_DrawChar24_48                        0x0800042d   Thumb Code   166  ili9320.o(i.LCD_DrawChar24_48)
    LCD_DrawChar48_48                        0x080004dd   Thumb Code   166  ili9320.o(i.LCD_DrawChar48_48)
    LCD_Pins_Config                          0x0800058d   Thumb Code   142  ili9320.o(i.LCD_Pins_Config)
    LCD_ReadReg                              0x08000625   Thumb Code   140  ili9320.o(i.LCD_ReadReg)
    LCD_ReadSta                              0x080006b9   Thumb Code    64  ili9320.o(i.LCD_ReadSta)
    LCD_WriteRAM                             0x08000701   Thumb Code    94  ili9320.o(i.LCD_WriteRAM)
    LCD_WriteRAM_Prepare                     0x08000769   Thumb Code    84  ili9320.o(i.LCD_WriteRAM_Prepare)
    LCD_WriteReg                             0x080007c5   Thumb Code   170  ili9320.o(i.LCD_WriteReg)
    MemManage_Handler                        0x08000879   Thumb Code     2  stm32f10x_it.o(i.MemManage_Handler)
    NMI_Handler                              0x0800087b   Thumb Code     2  stm32f10x_it.o(i.NMI_Handler)
    PendSV_Handler                           0x0800087d   Thumb Code     2  stm32f10x_it.o(i.PendSV_Handler)
    RCC_APB2PeriphClockCmd                   0x08000881   Thumb Code    18  stm32f10x_rcc.o(i.RCC_APB2PeriphClockCmd)
    RCC_GetClocksFreq                        0x08000899   Thumb Code   128  stm32f10x_rcc.o(i.RCC_GetClocksFreq)
    Read_DHT11                               0x08000989   Thumb Code   260  am23xx.o(i.Read_DHT11)
    Read_Sensor                              0x08000a99   Thumb Code    60  main.o(i.Read_Sensor)
    STM32_Shenzhou_COMInit                   0x08000b19   Thumb Code    90  main.o(i.STM32_Shenzhou_COMInit)
    SVC_Handler                              0x08000b7d   Thumb Code     2  stm32f10x_it.o(i.SVC_Handler)
    SZ_STM32_SysTickInit                     0x08000b81   Thumb Code    46  main.o(i.SZ_STM32_SysTickInit)
    SysTickDelay                             0x08000c61   Thumb Code    16  main.o(i.SysTickDelay)
    SysTick_Handler                          0x08000c75   Thumb Code     4  main.o(i.SysTick_Handler)
    SystemInit                               0x08000c79   Thumb Code    64  system_stm32f10x.o(i.SystemInit)
    TimingDelay_Decrement                    0x08000cc9   Thumb Code    16  main.o(i.TimingDelay_Decrement)
    USART_Cmd                                0x08000cdd   Thumb Code    20  stm32f10x_usart.o(i.USART_Cmd)
    USART_GetFlagStatus                      0x08000cf1   Thumb Code    14  stm32f10x_usart.o(i.USART_GetFlagStatus)
    USART_Init                               0x08000d01   Thumb Code   166  stm32f10x_usart.o(i.USART_Init)
    USART_SendData                           0x08000dad   Thumb Code     8  stm32f10x_usart.o(i.USART_SendData)
    UsageFault_Handler                       0x08000db5   Thumb Code     2  stm32f10x_it.o(i.UsageFault_Handler)
    __0printf$8                              0x08000db9   Thumb Code    22  printf8.o(i.__0printf$8)
    __1printf$8                              0x08000db9   Thumb Code     0  printf8.o(i.__0printf$8)
    __2printf                                0x08000db9   Thumb Code     0  printf8.o(i.__0printf$8)
    __scatterload_copy                       0x08000dd9   Thumb Code    14  handlers.o(i.__scatterload_copy)
    __scatterload_null                       0x08000de7   Thumb Code     2  handlers.o(i.__scatterload_null)
    __scatterload_zeroinit                   0x08000de9   Thumb Code    14  handlers.o(i.__scatterload_zeroinit)
    delay                                    0x0800124f   Thumb Code    18  am23xx.o(i.delay)
    display                                  0x08001261   Thumb Code    24  ili9320.o(i.display)
    displayshuzi                             0x08001279   Thumb Code    56  ili9320.o(i.displayshuzi)
    fputc                                    0x080012b5   Thumb Code    30  main.o(i.fputc)
    ili9320_Clear                            0x080012d9   Thumb Code   130  ili9320.o(i.ili9320_Clear)
    ili9320_Initializtion                    0x08001365   Thumb Code  3530  ili9320.o(i.ili9320_Initializtion)
    ili9320_SetCursor                        0x08002161   Thumb Code    90  ili9320.o(i.ili9320_SetCursor)
    jiemian                                  0x080021c1   Thumb Code    92  ili9320.o(i.jiemian)
    main                                     0x08002231   Thumb Code    70  main.o(i.main)
    Region$$Table$$Base                      0x080022ec   Number         0  anon$$obj.o(Region$$Table)
    Region$$Table$$Limit                     0x0800230c   Number         0  anon$$obj.o(Region$$Table)
    DeviceIdCode                             0x20000006   Data           2  ili9320.o(.data)
    ASCII_Table                              0x20000008   Data        1584  ili9320.o(.data)
    fuhao                                    0x20000638   Data        1440  ili9320.o(.data)
    TimingDelay                              0x20000bd8   Data           4  main.o(.data)
    count                                    0x20000bdc   Data           2  am23xx.o(.data)
    SystemCoreClock                          0x20000be0   Data           4  system_stm32f10x.o(.data)
    AHBPrescTable                            0x20000be4   Data          16  system_stm32f10x.o(.data)
    __stdout                                 0x20000c08   Data           4  stdout.o(.data)
    DHT11_Data                               0x20000c0c   Data          14  main.o(.bss)
    __initial_sp                             0x20001020   Data           0  startup_stm32f10x_md.o(STACK)



==============================================================================

Memory Map of the image

  Image Entry point : 0x080000ed

  Load Region LR_IROM1 (Base: 0x08000000, Size: 0x00002f18, Max: 0x00010000, ABSOLUTE, COMPRESSED[0x00002880])

    Execution Region ER_IROM1 (Exec base: 0x08000000, Load base: 0x08000000, Size: 0x0000230c, Max: 0x00010000, ABSOLUTE)

    Exec Addr    Load Addr    Size         Type   Attr      Idx    E Section Name        Object

    0x08000000   0x08000000   0x000000ec   Data   RO         1541    RESET               startup_stm32f10x_md.o
    0x080000ec   0x080000ec   0x00000000   Code   RO         1546  * .ARM.Collect$$$$00000000  mc_w.l(entry.o)
    0x080000ec   0x080000ec   0x00000004   Code   RO         1810    .ARM.Collect$$$$00000001  mc_w.l(entry2.o)
    0x080000f0   0x080000f0   0x00000004   Code   RO         1813    .ARM.Collect$$$$00000004  mc_w.l(entry5.o)
    0x080000f4   0x080000f4   0x00000000   Code   RO         1815    .ARM.Collect$$$$00000008  mc_w.l(entry7b.o)
    0x080000f4   0x080000f4   0x00000000   Code   RO         1817    .ARM.Collect$$$$0000000A  mc_w.l(entry8b.o)
    0x080000f4   0x080000f4   0x00000008   Code   RO         1818    .ARM.Collect$$$$0000000B  mc_w.l(entry9a.o)
    0x080000fc   0x080000fc   0x00000004   Code   RO         1825    .ARM.Collect$$$$0000000E  mc_w.l(entry12b.o)
    0x08000100   0x08000100   0x00000000   Code   RO         1820    .ARM.Collect$$$$0000000F  mc_w.l(entry10a.o)
    0x08000100   0x08000100   0x00000000   Code   RO         1822    .ARM.Collect$$$$00000011  mc_w.l(entry11a.o)
    0x08000100   0x08000100   0x00000004   Code   RO         1811    .ARM.Collect$$$$00002712  mc_w.l(entry2.o)
    0x08000104   0x08000104   0x00000024   Code   RO         1542    .text               startup_stm32f10x_md.o
    0x08000128   0x08000128   0x00000062   Code   RO         1829    .text               mc_w.l(uldiv.o)
    0x0800018a   0x0800018a   0x00000002   PAD
    0x0800018c   0x0800018c   0x00000024   Code   RO         1842    .text               mc_w.l(init.o)
    0x080001b0   0x080001b0   0x0000001e   Code   RO         1844    .text               mc_w.l(llshl.o)
    0x080001ce   0x080001ce   0x00000020   Code   RO         1846    .text               mc_w.l(llushr.o)
    0x080001ee   0x080001ee   0x00000056   Code   RO         1860    .text               mc_w.l(__dczerorl2.o)
    0x08000244   0x08000244   0x00000002   Code   RO          337    i.BusFault_Handler  stm32f10x_it.o
    0x08000246   0x08000246   0x00000002   PAD
    0x08000248   0x08000248   0x00000058   Code   RO          394    i.DHT11_GPIO_Config  am23xx.o
    0x080002a0   0x080002a0   0x00000024   Code   RO          395    i.DHT11_Mode_Out_PP  am23xx.o
    0x080002c4   0x080002c4   0x00000002   Code   RO          338    i.DebugMon_Handler  stm32f10x_it.o
    0x080002c6   0x080002c6   0x00000022   Code   RO            1    i.Delay             ili9320.o
    0x080002e8   0x080002e8   0x000000a2   Code   RO          518    i.GPIO_Init         stm32f10x_gpio.o
    0x0800038a   0x0800038a   0x00000006   Code   RO          521    i.GPIO_ReadInputData  stm32f10x_gpio.o
    0x08000390   0x08000390   0x0000000e   Code   RO          522    i.GPIO_ReadInputDataBit  stm32f10x_gpio.o
    0x0800039e   0x0800039e   0x00000004   Code   RO          525    i.GPIO_ResetBits    stm32f10x_gpio.o
    0x080003a2   0x080003a2   0x00000004   Code   RO          526    i.GPIO_SetBits      stm32f10x_gpio.o
    0x080003a6   0x080003a6   0x00000004   Code   RO          528    i.GPIO_Write        stm32f10x_gpio.o
    0x080003aa   0x080003aa   0x00000002   Code   RO          339    i.HardFault_Handler  stm32f10x_it.o
    0x080003ac   0x080003ac   0x00000040   Code   RO            2    i.LCD_DB_AS_InPut   ili9320.o
    0x080003ec   0x080003ec   0x00000040   Code   RO            3    i.LCD_DB_AS_OutPut  ili9320.o
    0x0800042c   0x0800042c   0x000000b0   Code   RO            4    i.LCD_DrawChar24_48  ili9320.o
    0x080004dc   0x080004dc   0x000000b0   Code   RO            5    i.LCD_DrawChar48_48  ili9320.o
    0x0800058c   0x0800058c   0x00000098   Code   RO            7    i.LCD_Pins_Config   ili9320.o
    0x08000624   0x08000624   0x00000094   Code   RO            9    i.LCD_ReadReg       ili9320.o
    0x080006b8   0x080006b8   0x00000048   Code   RO           10    i.LCD_ReadSta       ili9320.o
    0x08000700   0x08000700   0x00000068   Code   RO           12    i.LCD_WriteRAM      ili9320.o
    0x08000768   0x08000768   0x0000005c   Code   RO           13    i.LCD_WriteRAM_Prepare  ili9320.o
    0x080007c4   0x080007c4   0x000000b4   Code   RO           14    i.LCD_WriteReg      ili9320.o
    0x08000878   0x08000878   0x00000002   Code   RO          340    i.MemManage_Handler  stm32f10x_it.o
    0x0800087a   0x0800087a   0x00000002   Code   RO          341    i.NMI_Handler       stm32f10x_it.o
    0x0800087c   0x0800087c   0x00000002   Code   RO          342    i.PendSV_Handler    stm32f10x_it.o
    0x0800087e   0x0800087e   0x00000002   PAD
    0x08000880   0x08000880   0x00000018   Code   RO          630    i.RCC_APB2PeriphClockCmd  stm32f10x_rcc.o
    0x08000898   0x08000898   0x00000090   Code   RO          638    i.RCC_GetClocksFreq  stm32f10x_rcc.o
    0x08000928   0x08000928   0x00000060   Code   RO          396    i.Read_Byte         am23xx.o
    0x08000988   0x08000988   0x00000110   Code   RO          397    i.Read_DHT11        am23xx.o
    0x08000a98   0x08000a98   0x00000080   Code   RO          240    i.Read_Sensor       main.o
    0x08000b18   0x08000b18   0x00000064   Code   RO          241    i.STM32_Shenzhou_COMInit  main.o
    0x08000b7c   0x08000b7c   0x00000002   Code   RO          343    i.SVC_Handler       stm32f10x_it.o
    0x08000b7e   0x08000b7e   0x00000002   PAD
    0x08000b80   0x08000b80   0x00000038   Code   RO          242    i.SZ_STM32_SysTickInit  main.o
    0x08000bb8   0x08000bb8   0x000000a8   Code   RO          447    i.SetSysClockTo72   system_stm32f10x.o
    0x08000c60   0x08000c60   0x00000014   Code   RO          243    i.SysTickDelay      main.o
    0x08000c74   0x08000c74   0x00000004   Code   RO          244    i.SysTick_Handler   main.o
    0x08000c78   0x08000c78   0x00000050   Code   RO          449    i.SystemInit        system_stm32f10x.o
    0x08000cc8   0x08000cc8   0x00000014   Code   RO          245    i.TimingDelay_Decrement  main.o
    0x08000cdc   0x08000cdc   0x00000014   Code   RO         1363    i.USART_Cmd         stm32f10x_usart.o
    0x08000cf0   0x08000cf0   0x0000000e   Code   RO         1366    i.USART_GetFlagStatus  stm32f10x_usart.o
    0x08000cfe   0x08000cfe   0x00000002   PAD
    0x08000d00   0x08000d00   0x000000ac   Code   RO         1370    i.USART_Init        stm32f10x_usart.o
    0x08000dac   0x08000dac   0x00000008   Code   RO         1380    i.USART_SendData    stm32f10x_usart.o
    0x08000db4   0x08000db4   0x00000002   Code   RO          344    i.UsageFault_Handler  stm32f10x_it.o
    0x08000db6   0x08000db6   0x00000002   PAD
    0x08000db8   0x08000db8   0x00000020   Code   RO         1756    i.__0printf$8       mc_w.l(printf8.o)
    0x08000dd8   0x08000dd8   0x0000000e   Code   RO         1854    i.__scatterload_copy  mc_w.l(handlers.o)
    0x08000de6   0x08000de6   0x00000002   Code   RO         1855    i.__scatterload_null  mc_w.l(handlers.o)
    0x08000de8   0x08000de8   0x0000000e   Code   RO         1856    i.__scatterload_zeroinit  mc_w.l(handlers.o)
    0x08000df6   0x08000df6   0x00000002   PAD
    0x08000df8   0x08000df8   0x00000404   Code   RO         1763    i._printf_core      mc_w.l(printf8.o)
    0x080011fc   0x080011fc   0x00000024   Code   RO         1764    i._printf_post_padding  mc_w.l(printf8.o)
    0x08001220   0x08001220   0x0000002e   Code   RO         1765    i._printf_pre_padding  mc_w.l(printf8.o)
    0x0800124e   0x0800124e   0x00000012   Code   RO          398    i.delay             am23xx.o
    0x08001260   0x08001260   0x00000018   Code   RO           15    i.display           ili9320.o
    0x08001278   0x08001278   0x0000003c   Code   RO           16    i.displayshuzi      ili9320.o
    0x080012b4   0x080012b4   0x00000024   Code   RO          246    i.fputc             main.o
    0x080012d8   0x080012d8   0x0000008c   Code   RO           19    i.ili9320_Clear     ili9320.o
    0x08001364   0x08001364   0x00000dfc   Code   RO           23    i.ili9320_Initializtion  ili9320.o
    0x08002160   0x08002160   0x00000060   Code   RO           26    i.ili9320_SetCursor  ili9320.o
    0x080021c0   0x080021c0   0x00000070   Code   RO           29    i.jiemian           ili9320.o
    0x08002230   0x08002230   0x00000064   Code   RO          247    i.main              main.o
    0x08002294   0x08002294   0x00000055   Data   RO          250    .conststring        main.o
    0x080022e9   0x080022e9   0x00000003   PAD
    0x080022ec   0x080022ec   0x00000020   Data   RO         1852    Region$$Table       anon$$obj.o


    Execution Region RW_IRAM1 (Exec base: 0x20000000, Load base: 0x0800230c, Size: 0x00001020, Max: 0x00005000, ABSOLUTE, COMPRESSED[0x00000574])

    Exec Addr    Load Addr    Size         Type   Attr      Idx    E Section Name        Object

    0x20000000   COMPRESSED   0x00000bd8   Data   RW           31    .data               ili9320.o
    0x20000bd8   COMPRESSED   0x00000004   Data   RW          253    .data               main.o
    0x20000bdc   COMPRESSED   0x00000002   Data   RW          401    .data               am23xx.o
    0x20000bde   COMPRESSED   0x00000002   PAD
    0x20000be0   COMPRESSED   0x00000014   Data   RW          450    .data               system_stm32f10x.o
    0x20000bf4   COMPRESSED   0x00000014   Data   RW          658    .data               stm32f10x_rcc.o
    0x20000c08   COMPRESSED   0x00000004   Data   RW         1826    .data               mc_w.l(stdout.o)
    0x20000c0c        -       0x0000000e   Zero   RW          249    .bss                main.o
    0x20000c1a   COMPRESSED   0x00000006   PAD
    0x20000c20        -       0x00000400   Zero   RW         1539    STACK               startup_stm32f10x_md.o


==============================================================================

Image component sizes


      Code (inc. data)   RO Data    RW Data    ZI Data      Debug   Object Name

       510         50          0          2          0       3954   am23xx.o
         0          0          0          0          0         32   core_cm3.o
      5274        438          0       3032          0     247749   ili9320.o
       464        132         85          4         14      23171   main.o
        36          8        236          0       1024        796   startup_stm32f10x_md.o
       194          0          0          0          0       4398   stm32f10x_gpio.o
        16          0          0          0          0       3284   stm32f10x_it.o
       168         22          0         20          0       3773   stm32f10x_rcc.o
       214          6          0          0          0       3928   stm32f10x_usart.o
       248         24          0         20          0       1761   system_stm32f10x.o

    ----------------------------------------------------------------------
      7134        680        356       3080       1044     292846   Object Totals
         0          0         32          0          0          0   (incl. Generated)
        10          0          3          2          6          0   (incl. Padding)

    ----------------------------------------------------------------------

      Code (inc. data)   RO Data    RW Data    ZI Data      Debug   Library Member Name

        86          0          0          0          0          0   __dczerorl2.o
         0          0          0          0          0          0   entry.o
         0          0          0          0          0          0   entry10a.o
         0          0          0          0          0          0   entry11a.o
         4          0          0          0          0          0   entry12b.o
         8          4          0          0          0          0   entry2.o
         4          0          0          0          0          0   entry5.o
         0          0          0          0          0          0   entry7b.o
         0          0          0          0          0          0   entry8b.o
         8          4          0          0          0          0   entry9a.o
        30          0          0          0          0          0   handlers.o
        36          8          0          0          0         68   init.o
        30          0          0          0          0         68   llshl.o
        32          0          0          0          0         68   llushr.o
      1142         54          0          0          0        352   printf8.o
         0          0          0          4          0          0   stdout.o
        98          0          0          0          0         92   uldiv.o

    ----------------------------------------------------------------------
      1482         70          0          4          0        648   Library Totals
         4          0          0          0          0          0   (incl. Padding)

    ----------------------------------------------------------------------

      Code (inc. data)   RO Data    RW Data    ZI Data      Debug   Library Name

      1478         70          0          4          0        648   mc_w.l

    ----------------------------------------------------------------------
      1482         70          0          4          0        648   Library Totals

    ----------------------------------------------------------------------

==============================================================================


      Code (inc. data)   RO Data    RW Data    ZI Data      Debug   

      8616        750        356       3084       1044     291074   Grand Totals
      8616        750        356       1396       1044     291074   ELF Image Totals (compressed)
      8616        750        356       1396          0          0   ROM Totals

==============================================================================

    Total RO  Size (Code + RO Data)                 8972 (   8.76kB)
    Total RW  Size (RW Data + ZI Data)              4128 (   4.03kB)
    Total ROM Size (Code + RO Data + RW Data)      10368 (  10.13kB)

==============================================================================

